26-07-25.18:44:14.858 [main            ] INFO  Application            - Starting Application using Java 11.0.31 on ASUS with PID 49612 (D:\code\s-pay-mall-ddd-cc\s-pay-mall-ddd-app\target\classes started by 13267 in D:\code\s-pay-mall-ddd-cc)
26-07-25.18:44:14.859 [main            ] INFO  Application            - The following 1 profile is active: "dev"
26-07-25.18:44:15.712 [main            ] INFO  RepositoryConfigurationDelegate - Multiple Spring Data modules found, entering strict repository configuration mode
26-07-25.18:44:15.714 [main            ] INFO  RepositoryConfigurationDelegate - Bootstrapping Spring Data Redis repositories in DEFAULT mode.
26-07-25.18:44:15.756 [main            ] INFO  RepositoryConfigurationDelegate - Finished Spring Data repository scanning in 22 ms. Found 0 Redis repository interfaces.
26-07-25.18:44:16.602 [main            ] INFO  TomcatWebServer        - Tomcat initialized with port(s): 8080 (http)
26-07-25.18:44:16.610 [main            ] INFO  Http11NioProtocol      - Initializing ProtocolHandler ["http-nio-8080"]
26-07-25.18:44:16.610 [main            ] INFO  StandardService        - Starting service [Tomcat]
26-07-25.18:44:16.611 [main            ] INFO  StandardEngine         - Starting Servlet engine: [Apache Tomcat/9.0.75]
26-07-25.18:44:16.733 [main            ] INFO  [/]                    - Initializing Spring embedded WebApplicationContext
26-07-25.18:44:16.733 [main            ] INFO  ServletWebServerApplicationContext - Root WebApplicationContext: initialization completed in 1836 ms
26-07-25.18:44:17.072 [main            ] WARN  AnnotationConfigServletWebServerApplicationContext - Exception encountered during context initialization - cancelling refresh attempt: org.springframework.beans.factory.UnsatisfiedDependencyException: Error creating bean with name 'orderService' defined in file [D:\code\s-pay-mall-ddd-cc\s-pay-mall-ddd-domain\target\classes\cn\bugstack\domain\order\model\service\OrderService.class]: Unsatisfied dependency expressed through constructor parameter 0; nested exception is org.springframework.beans.factory.NoSuchBeanDefinitionException: No qualifying bean of type 'cn.bugstack.domain.order.adapter.repository.IOrderRepository' available: expected at least 1 bean which qualifies as autowire candidate. Dependency annotations: {}
26-07-25.18:44:17.075 [main            ] INFO  StandardService        - Stopping service [Tomcat]
26-07-25.18:44:17.087 [main            ] INFO  ConditionEvaluationReportLoggingListener - 

Error starting ApplicationContext. To display the conditions report re-run your application with 'debug' enabled.
26-07-25.18:44:17.102 [main            ] ERROR LoggingFailureAnalysisReporter - 

***************************
APPLICATION FAILED TO START
***************************

Description:

Parameter 0 of constructor in cn.bugstack.domain.order.model.service.OrderService required a bean of type 'cn.bugstack.domain.order.adapter.repository.IOrderRepository' that could not be found.


Action:

Consider defining a bean of type 'cn.bugstack.domain.order.adapter.repository.IOrderRepository' in your configuration.

26-07-25.18:48:30.003 [main            ] INFO  Application            - Starting Application using Java 11.0.31 on ASUS with PID 47380 (D:\code\s-pay-mall-ddd-cc\s-pay-mall-ddd-app\target\classes started by 13267 in D:\code\s-pay-mall-ddd-cc)
26-07-25.18:48:30.006 [main            ] INFO  Application            - The following 1 profile is active: "dev"
26-07-25.18:48:30.834 [main            ] INFO  RepositoryConfigurationDelegate - Multiple Spring Data modules found, entering strict repository configuration mode
26-07-25.18:48:30.835 [main            ] INFO  RepositoryConfigurationDelegate - Bootstrapping Spring Data Redis repositories in DEFAULT mode.
26-07-25.18:48:30.866 [main            ] INFO  RepositoryConfigurationDelegate - Finished Spring Data repository scanning in 17 ms. Found 0 Redis repository interfaces.
26-07-25.18:48:31.658 [main            ] INFO  TomcatWebServer        - Tomcat initialized with port(s): 8080 (http)
26-07-25.18:48:31.666 [main            ] INFO  Http11NioProtocol      - Initializing ProtocolHandler ["http-nio-8080"]
26-07-25.18:48:31.666 [main            ] INFO  StandardService        - Starting service [Tomcat]
26-07-25.18:48:31.667 [main            ] INFO  StandardEngine         - Starting Servlet engine: [Apache Tomcat/9.0.75]
26-07-25.18:48:31.801 [main            ] INFO  [/]                    - Initializing Spring embedded WebApplicationContext
26-07-25.18:48:31.801 [main            ] INFO  ServletWebServerApplicationContext - Root WebApplicationContext: initialization completed in 1757 ms
26-07-25.18:48:32.659 [main            ] INFO  Version                - Redisson 3.26.0
26-07-25.18:48:37.724 [main            ] WARN  AnnotationConfigServletWebServerApplicationContext - Exception encountered during context initialization - cancelling refresh attempt: org.springframework.beans.factory.UnsatisfiedDependencyException: Error creating bean with name 'redisTemplate' defined in class path resource [org/redisson/spring/starter/RedissonAutoConfigurationV2.class]: Unsatisfied dependency expressed through method 'redisTemplate' parameter 0; nested exception is org.springframework.beans.factory.UnsatisfiedDependencyException: Error creating bean with name 'redissonConnectionFactory' defined in class path resource [org/redisson/spring/starter/RedissonAutoConfigurationV2.class]: Unsatisfied dependency expressed through method 'redissonConnectionFactory' parameter 0; nested exception is org.springframework.beans.factory.BeanCreationException: Error creating bean with name 'redisson' defined in class path resource [org/redisson/spring/starter/RedissonAutoConfigurationV2.class]: Bean instantiation via factory method failed; nested exception is org.springframework.beans.BeanInstantiationException: Failed to instantiate [org.redisson.api.RedissonClient]: Factory method 'redisson' threw exception; nested exception is org.redisson.client.RedisConnectionException: java.util.concurrent.ExecutionException: org.redisson.client.RedisConnectionException: Unable to connect to Redis server: localhost/127.0.0.1:6379
