26-08-03.15:14:38.293 [background-preinit] INFO  Version                - HV000001: Hibernate Validator 6.2.5.Final
26-08-03.15:14:38.295 [main            ] INFO  Application            - Starting Application using Java 11.0.31 on ASUS with PID 21008 (D:\code\s-pay-mall-ddd-cc\s-pay-mall-ddd-app\target\classes started by 13267 in D:\code\s-pay-mall-ddd-cc)
26-08-03.15:14:38.297 [main            ] INFO  Application            - The following 1 profile is active: "dev"
26-08-03.15:14:39.198 [main            ] INFO  RepositoryConfigurationDelegate - Multiple Spring Data modules found, entering strict repository configuration mode
26-08-03.15:14:39.200 [main            ] INFO  RepositoryConfigurationDelegate - Bootstrapping Spring Data Redis repositories in DEFAULT mode.
26-08-03.15:14:39.250 [main            ] INFO  RepositoryConfigurationDelegate - Finished Spring Data repository scanning in 36 ms. Found 0 Redis repository interfaces.
26-08-03.15:14:40.071 [main            ] INFO  TomcatWebServer        - Tomcat initialized with port(s): 8080 (http)
26-08-03.15:14:40.080 [main            ] INFO  Http11NioProtocol      - Initializing ProtocolHandler ["http-nio-8080"]
26-08-03.15:14:40.080 [main            ] INFO  StandardService        - Starting service [Tomcat]
26-08-03.15:14:40.080 [main            ] INFO  StandardEngine         - Starting Servlet engine: [Apache Tomcat/9.0.75]
26-08-03.15:14:40.206 [main            ] INFO  [/]                    - Initializing Spring embedded WebApplicationContext
26-08-03.15:14:40.206 [main            ] INFO  ServletWebServerApplicationContext - Root WebApplicationContext: initialization completed in 1866 ms
26-08-03.15:14:41.407 [main            ] INFO  Version                - Redisson 3.26.0
26-08-03.15:14:46.507 [main            ] WARN  AnnotationConfigServletWebServerApplicationContext - Exception encountered during context initialization - cancelling refresh attempt: org.springframework.beans.factory.UnsatisfiedDependencyException: Error creating bean with name 'redisTemplate' defined in class path resource [org/redisson/spring/starter/RedissonAutoConfigurationV2.class]: Unsatisfied dependency expressed through method 'redisTemplate' parameter 0; nested exception is org.springframework.beans.factory.UnsatisfiedDependencyException: Error creating bean with name 'redissonConnectionFactory' defined in class path resource [org/redisson/spring/starter/RedissonAutoConfigurationV2.class]: Unsatisfied dependency expressed through method 'redissonConnectionFactory' parameter 0; nested exception is org.springframework.beans.factory.BeanCreationException: Error creating bean with name 'redisson' defined in class path resource [org/redisson/spring/starter/RedissonAutoConfigurationV2.class]: Bean instantiation via factory method failed; nested exception is org.springframework.beans.BeanInstantiationException: Failed to instantiate [org.redisson.api.RedissonClient]: Factory method 'redisson' threw exception; nested exception is org.redisson.client.RedisConnectionException: java.util.concurrent.ExecutionException: org.redisson.client.RedisConnectionException: Unable to connect to Redis server: localhost/127.0.0.1:6379
26-08-03.15:14:56.417 [main            ] INFO  Application            - Starting Application using Java 11.0.31 on ASUS with PID 5472 (D:\code\s-pay-mall-ddd-cc\s-pay-mall-ddd-app\target\classes started by 13267 in D:\code\s-pay-mall-ddd-cc)
26-08-03.15:14:56.419 [background-preinit] INFO  Version                - HV000001: Hibernate Validator 6.2.5.Final
26-08-03.15:14:56.419 [main            ] INFO  Application            - The following 1 profile is active: "dev"
26-08-03.15:14:57.215 [main            ] INFO  RepositoryConfigurationDelegate - Multiple Spring Data modules found, entering strict repository configuration mode
26-08-03.15:14:57.217 [main            ] INFO  RepositoryConfigurationDelegate - Bootstrapping Spring Data Redis repositories in DEFAULT mode.
26-08-03.15:14:57.264 [main            ] INFO  RepositoryConfigurationDelegate - Finished Spring Data repository scanning in 37 ms. Found 0 Redis repository interfaces.
26-08-03.15:14:58.083 [main            ] INFO  TomcatWebServer        - Tomcat initialized with port(s): 8080 (http)
26-08-03.15:14:58.091 [main            ] INFO  Http11NioProtocol      - Initializing ProtocolHandler ["http-nio-8080"]
26-08-03.15:14:58.091 [main            ] INFO  StandardService        - Starting service [Tomcat]
26-08-03.15:14:58.091 [main            ] INFO  StandardEngine         - Starting Servlet engine: [Apache Tomcat/9.0.75]
26-08-03.15:14:58.201 [main            ] INFO  [/]                    - Initializing Spring embedded WebApplicationContext
26-08-03.15:14:58.201 [main            ] INFO  ServletWebServerApplicationContext - Root WebApplicationContext: initialization completed in 1747 ms
26-08-03.15:14:59.172 [main            ] INFO  Version                - Redisson 3.26.0
26-08-03.15:14:59.726 [redisson-netty-1-6] INFO  ConnectionsHolder      - 1 connections initialized for localhost/127.0.0.1:6379
26-08-03.15:14:59.827 [redisson-netty-1-20] INFO  ConnectionsHolder      - 24 connections initialized for localhost/127.0.0.1:6379
26-08-03.15:15:00.138 [main            ] INFO  EndpointLinksResolver  - Exposing 1 endpoint(s) beneath base path '/actuator'
26-08-03.15:15:00.158 [main            ] INFO  Http11NioProtocol      - Starting ProtocolHandler ["http-nio-8080"]
26-08-03.15:15:00.169 [main            ] INFO  TomcatWebServer        - Tomcat started on port(s): 8080 (http) with context path ''
26-08-03.15:15:00.183 [main            ] INFO  Application            - Started Application in 4.162 seconds (JVM running for 4.511)
26-08-03.15:15:03.025 [scheduling-1    ] INFO  HikariDataSource       - HikariPool-1 - Starting...
26-08-03.15:15:03.250 [scheduling-1    ] INFO  HikariDataSource       - HikariPool-1 - Start completed.
26-08-03.15:15:10.080 [http-nio-8080-exec-2] INFO  [/]                    - Initializing Spring DispatcherServlet 'dispatcherServlet'
26-08-03.15:15:10.080 [http-nio-8080-exec-2] INFO  DispatcherServlet      - Initializing Servlet 'dispatcherServlet'
26-08-03.15:15:10.082 [http-nio-8080-exec-2] INFO  DispatcherServlet      - Completed initialization in 0 ms
26-08-03.15:16:00.016 [scheduling-1    ] INFO  ProductionOrderJob     - 开始执行生产需求单任务
26-08-03.15:16:00.069 [scheduling-1    ] WARN  ProductionOrderService - 生产需求单执行失败 orderId:5 reason:原料可用库存不足，不能创建分配单
cn.bugstack.domain.production.exception.ProductionExecuteException: 原料可用库存不足，不能创建分配单
	at cn.bugstack.domain.production.service.ProductionOrderExecutor.executeStage(ProductionOrderExecutor.java:93)
	at cn.bugstack.domain.production.service.ProductionOrderExecutor.execute(ProductionOrderExecutor.java:45)
	at cn.bugstack.domain.production.service.ProductionOrderService.executeCreatedOrders(ProductionOrderService.java:126)
	at cn.bugstack.domain.production.service.ProductionOrderService$$FastClassBySpringCGLIB$$df657fdb.invoke(<generated>)
	at org.springframework.cglib.proxy.MethodProxy.invoke(MethodProxy.java:218)
	at org.springframework.aop.framework.CglibAopProxy.invokeMethod(CglibAopProxy.java:386)
	at org.springframework.aop.framework.CglibAopProxy.access$000(CglibAopProxy.java:85)
	at org.springframework.aop.framework.CglibAopProxy$DynamicAdvisedInterceptor.intercept(CglibAopProxy.java:704)
	at cn.bugstack.domain.production.service.ProductionOrderService$$EnhancerBySpringCGLIB$$6fe4df8f.executeCreatedOrders(<generated>)
	at cn.bugstack.trigger.job.ProductionOrderJob.exec(ProductionOrderJob.java:38)
	at java.base/jdk.internal.reflect.NativeMethodAccessorImpl.invoke0(Native Method)
	at java.base/jdk.internal.reflect.NativeMethodAccessorImpl.invoke(NativeMethodAccessorImpl.java:62)
	at java.base/jdk.internal.reflect.DelegatingMethodAccessorImpl.invoke(DelegatingMethodAccessorImpl.java:43)
	at java.base/java.lang.reflect.Method.invoke(Method.java:566)
	at org.springframework.scheduling.support.ScheduledMethodRunnable.run(ScheduledMethodRunnable.java:84)
	at org.springframework.scheduling.support.DelegatingErrorHandlingRunnable.run(DelegatingErrorHandlingRunnable.java:54)
	at org.springframework.scheduling.concurrent.ReschedulingRunnable.run(ReschedulingRunnable.java:95)
	at java.base/java.util.concurrent.Executors$RunnableAdapter.call(Executors.java:515)
	at java.base/java.util.concurrent.FutureTask.run(FutureTask.java:264)
	at java.base/java.util.concurrent.ScheduledThreadPoolExecutor$ScheduledFutureTask.run(ScheduledThreadPoolExecutor.java:304)
	at java.base/java.util.concurrent.ThreadPoolExecutor.runWorker(ThreadPoolExecutor.java:1128)
	at java.base/java.util.concurrent.ThreadPoolExecutor$Worker.run(ThreadPoolExecutor.java:628)
	at java.base/java.lang.Thread.run(Thread.java:829)
Caused by: java.lang.IllegalArgumentException: 原料可用库存不足，不能创建分配单
	at cn.bugstack.domain.materialstockallocation.service.MaterialStockAllocationService.splitAllocationItems(MaterialStockAllocationService.java:342)
	at cn.bugstack.domain.materialstockallocation.service.MaterialStockAllocationService.create(MaterialStockAllocationService.java:41)
	at cn.bugstack.domain.materialstockallocation.service.MaterialStockAllocationService$$FastClassBySpringCGLIB$$fee5b091.invoke(<generated>)
	at org.springframework.cglib.proxy.MethodProxy.invoke(MethodProxy.java:218)
	at org.springframework.aop.framework.CglibAopProxy.invokeMethod(CglibAopProxy.java:386)
	at org.springframework.aop.framework.CglibAopProxy.access$000(CglibAopProxy.java:85)
	at org.springframework.aop.framework.CglibAopProxy$DynamicAdvisedInterceptor.intercept(CglibAopProxy.java:704)
	at cn.bugstack.domain.materialstockallocation.service.MaterialStockAllocationService$$EnhancerBySpringCGLIB$$98969371.create(<generated>)
	at cn.bugstack.domain.production.service.ProductionOrderExecutor.lambda$execute$1(ProductionOrderExecutor.java:46)
	at cn.bugstack.domain.production.service.ProductionOrderExecutor.executeStage(ProductionOrderExecutor.java:89)
	... 22 common frames omitted
26-08-03.15:16:00.082 [scheduling-1    ] WARN  ProductionOrderService - 生产需求单执行失败 orderId:7 reason:原料可用库存不足，不能创建分配单
cn.bugstack.domain.production.exception.ProductionExecuteException: 原料可用库存不足，不能创建分配单
	at cn.bugstack.domain.production.service.ProductionOrderExecutor.executeStage(ProductionOrderExecutor.java:93)
	at cn.bugstack.domain.production.service.ProductionOrderExecutor.execute(ProductionOrderExecutor.java:45)
	at cn.bugstack.domain.production.service.ProductionOrderService.executeCreatedOrders(ProductionOrderService.java:126)
	at cn.bugstack.domain.production.service.ProductionOrderService$$FastClassBySpringCGLIB$$df657fdb.invoke(<generated>)
	at org.springframework.cglib.proxy.MethodProxy.invoke(MethodProxy.java:218)
	at org.springframework.aop.framework.CglibAopProxy.invokeMethod(CglibAopProxy.java:386)
	at org.springframework.aop.framework.CglibAopProxy.access$000(CglibAopProxy.java:85)
	at org.springframework.aop.framework.CglibAopProxy$DynamicAdvisedInterceptor.intercept(CglibAopProxy.java:704)
	at cn.bugstack.domain.production.service.ProductionOrderService$$EnhancerBySpringCGLIB$$6fe4df8f.executeCreatedOrders(<generated>)
	at cn.bugstack.trigger.job.ProductionOrderJob.exec(ProductionOrderJob.java:38)
	at java.base/jdk.internal.reflect.NativeMethodAccessorImpl.invoke0(Native Method)
	at java.base/jdk.internal.reflect.NativeMethodAccessorImpl.invoke(NativeMethodAccessorImpl.java:62)
	at java.base/jdk.internal.reflect.DelegatingMethodAccessorImpl.invoke(DelegatingMethodAccessorImpl.java:43)
	at java.base/java.lang.reflect.Method.invoke(Method.java:566)
	at org.springframework.scheduling.support.ScheduledMethodRunnable.run(ScheduledMethodRunnable.java:84)
	at org.springframework.scheduling.support.DelegatingErrorHandlingRunnable.run(DelegatingErrorHandlingRunnable.java:54)
	at org.springframework.scheduling.concurrent.ReschedulingRunnable.run(ReschedulingRunnable.java:95)
	at java.base/java.util.concurrent.Executors$RunnableAdapter.call(Executors.java:515)
	at java.base/java.util.concurrent.FutureTask.run(FutureTask.java:264)
	at java.base/java.util.concurrent.ScheduledThreadPoolExecutor$ScheduledFutureTask.run(ScheduledThreadPoolExecutor.java:304)
	at java.base/java.util.concurrent.ThreadPoolExecutor.runWorker(ThreadPoolExecutor.java:1128)
	at java.base/java.util.concurrent.ThreadPoolExecutor$Worker.run(ThreadPoolExecutor.java:628)
	at java.base/java.lang.Thread.run(Thread.java:829)
Caused by: java.lang.IllegalArgumentException: 原料可用库存不足，不能创建分配单
	at cn.bugstack.domain.materialstockallocation.service.MaterialStockAllocationService.splitAllocationItems(MaterialStockAllocationService.java:342)
	at cn.bugstack.domain.materialstockallocation.service.MaterialStockAllocationService.create(MaterialStockAllocationService.java:41)
	at cn.bugstack.domain.materialstockallocation.service.MaterialStockAllocationService$$FastClassBySpringCGLIB$$fee5b091.invoke(<generated>)
	at org.springframework.cglib.proxy.MethodProxy.invoke(MethodProxy.java:218)
	at org.springframework.aop.framework.CglibAopProxy.invokeMethod(CglibAopProxy.java:386)
	at org.springframework.aop.framework.CglibAopProxy.access$000(CglibAopProxy.java:85)
	at org.springframework.aop.framework.CglibAopProxy$DynamicAdvisedInterceptor.intercept(CglibAopProxy.java:704)
	at cn.bugstack.domain.materialstockallocation.service.MaterialStockAllocationService$$EnhancerBySpringCGLIB$$98969371.create(<generated>)
	at cn.bugstack.domain.production.service.ProductionOrderExecutor.lambda$execute$1(ProductionOrderExecutor.java:46)
	at cn.bugstack.domain.production.service.ProductionOrderExecutor.executeStage(ProductionOrderExecutor.java:89)
	... 22 common frames omitted
26-08-03.15:17:00.009 [scheduling-1    ] INFO  ProductionOrderJob     - 开始执行生产需求单任务
26-08-03.15:18:00.005 [scheduling-1    ] INFO  ProductionOrderJob     - 开始执行生产需求单任务
26-08-03.15:19:00.007 [scheduling-1    ] INFO  ProductionOrderJob     - 开始执行生产需求单任务
26-08-03.15:20:00.012 [scheduling-1    ] INFO  TimeoutCloseOrderJob   - 定时任务，超时30分钟订单关闭，暂无超时未支付订单 orderIds is null
26-08-03.15:20:00.013 [scheduling-1    ] INFO  ProductionOrderJob     - 开始执行生产需求单任务
26-08-03.15:20:12.978 [http-nio-8080-exec-8] INFO  ProductionOrderController - 创建生产需求单开始 request:ProductionOrderCreateRequest(productId=2, requestNo=PO202608031456474263, productQuantity=500, warehouseId=1, materials=[ProductionOrderCreateRequest.MaterialItem(materialId=2, quantity=20), ProductionOrderCreateRequest.MaterialItem(materialId=3, quantity=20)])
26-08-03.15:20:13.078 [http-nio-8080-exec-8] INFO  ProductionOrderController - 创建生产需求单完成 orderId:9
26-08-03.15:21:00.012 [scheduling-1    ] INFO  ProductionOrderJob     - 开始执行生产需求单任务
26-08-03.15:21:00.026 [scheduling-1    ] WARN  ProductionOrderService - 生产需求单执行失败 orderId:5 reason:原料可用库存不足，不能创建分配单
cn.bugstack.domain.production.exception.ProductionExecuteException: 原料可用库存不足，不能创建分配单
	at cn.bugstack.domain.production.service.ProductionOrderExecutor.executeStage(ProductionOrderExecutor.java:93)
	at cn.bugstack.domain.production.service.ProductionOrderExecutor.execute(ProductionOrderExecutor.java:45)
	at cn.bugstack.domain.production.service.ProductionOrderService.executeCreatedOrders(ProductionOrderService.java:126)
	at cn.bugstack.domain.production.service.ProductionOrderService$$FastClassBySpringCGLIB$$df657fdb.invoke(<generated>)
	at org.springframework.cglib.proxy.MethodProxy.invoke(MethodProxy.java:218)
	at org.springframework.aop.framework.CglibAopProxy.invokeMethod(CglibAopProxy.java:386)
	at org.springframework.aop.framework.CglibAopProxy.access$000(CglibAopProxy.java:85)
	at org.springframework.aop.framework.CglibAopProxy$DynamicAdvisedInterceptor.intercept(CglibAopProxy.java:704)
	at cn.bugstack.domain.production.service.ProductionOrderService$$EnhancerBySpringCGLIB$$6fe4df8f.executeCreatedOrders(<generated>)
	at cn.bugstack.trigger.job.ProductionOrderJob.exec(ProductionOrderJob.java:38)
	at java.base/jdk.internal.reflect.NativeMethodAccessorImpl.invoke0(Native Method)
	at java.base/jdk.internal.reflect.NativeMethodAccessorImpl.invoke(NativeMethodAccessorImpl.java:62)
	at java.base/jdk.internal.reflect.DelegatingMethodAccessorImpl.invoke(DelegatingMethodAccessorImpl.java:43)
	at java.base/java.lang.reflect.Method.invoke(Method.java:566)
	at org.springframework.scheduling.support.ScheduledMethodRunnable.run(ScheduledMethodRunnable.java:84)
	at org.springframework.scheduling.support.DelegatingErrorHandlingRunnable.run(DelegatingErrorHandlingRunnable.java:54)
	at org.springframework.scheduling.concurrent.ReschedulingRunnable.run(ReschedulingRunnable.java:95)
	at java.base/java.util.concurrent.Executors$RunnableAdapter.call(Executors.java:515)
	at java.base/java.util.concurrent.FutureTask.run(FutureTask.java:264)
	at java.base/java.util.concurrent.ScheduledThreadPoolExecutor$ScheduledFutureTask.run(ScheduledThreadPoolExecutor.java:304)
	at java.base/java.util.concurrent.ThreadPoolExecutor.runWorker(ThreadPoolExecutor.java:1128)
	at java.base/java.util.concurrent.ThreadPoolExecutor$Worker.run(ThreadPoolExecutor.java:628)
	at java.base/java.lang.Thread.run(Thread.java:829)
Caused by: java.lang.IllegalArgumentException: 原料可用库存不足，不能创建分配单
	at cn.bugstack.domain.materialstockallocation.service.MaterialStockAllocationService.splitAllocationItems(MaterialStockAllocationService.java:342)
	at cn.bugstack.domain.materialstockallocation.service.MaterialStockAllocationService.create(MaterialStockAllocationService.java:41)
	at cn.bugstack.domain.materialstockallocation.service.MaterialStockAllocationService$$FastClassBySpringCGLIB$$fee5b091.invoke(<generated>)
	at org.springframework.cglib.proxy.MethodProxy.invoke(MethodProxy.java:218)
	at org.springframework.aop.framework.CglibAopProxy.invokeMethod(CglibAopProxy.java:386)
	at org.springframework.aop.framework.CglibAopProxy.access$000(CglibAopProxy.java:85)
	at org.springframework.aop.framework.CglibAopProxy$DynamicAdvisedInterceptor.intercept(CglibAopProxy.java:704)
	at cn.bugstack.domain.materialstockallocation.service.MaterialStockAllocationService$$EnhancerBySpringCGLIB$$98969371.create(<generated>)
	at cn.bugstack.domain.production.service.ProductionOrderExecutor.lambda$execute$1(ProductionOrderExecutor.java:46)
	at cn.bugstack.domain.production.service.ProductionOrderExecutor.executeStage(ProductionOrderExecutor.java:89)
	... 22 common frames omitted
26-08-03.15:21:00.035 [scheduling-1    ] WARN  ProductionOrderService - 生产需求单执行失败 orderId:7 reason:原料可用库存不足，不能创建分配单
cn.bugstack.domain.production.exception.ProductionExecuteException: 原料可用库存不足，不能创建分配单
	at cn.bugstack.domain.production.service.ProductionOrderExecutor.executeStage(ProductionOrderExecutor.java:93)
	at cn.bugstack.domain.production.service.ProductionOrderExecutor.execute(ProductionOrderExecutor.java:45)
	at cn.bugstack.domain.production.service.ProductionOrderService.executeCreatedOrders(ProductionOrderService.java:126)
	at cn.bugstack.domain.production.service.ProductionOrderService$$FastClassBySpringCGLIB$$df657fdb.invoke(<generated>)
	at org.springframework.cglib.proxy.MethodProxy.invoke(MethodProxy.java:218)
	at org.springframework.aop.framework.CglibAopProxy.invokeMethod(CglibAopProxy.java:386)
	at org.springframework.aop.framework.CglibAopProxy.access$000(CglibAopProxy.java:85)
	at org.springframework.aop.framework.CglibAopProxy$DynamicAdvisedInterceptor.intercept(CglibAopProxy.java:704)
	at cn.bugstack.domain.production.service.ProductionOrderService$$EnhancerBySpringCGLIB$$6fe4df8f.executeCreatedOrders(<generated>)
	at cn.bugstack.trigger.job.ProductionOrderJob.exec(ProductionOrderJob.java:38)
	at java.base/jdk.internal.reflect.NativeMethodAccessorImpl.invoke0(Native Method)
	at java.base/jdk.internal.reflect.NativeMethodAccessorImpl.invoke(NativeMethodAccessorImpl.java:62)
	at java.base/jdk.internal.reflect.DelegatingMethodAccessorImpl.invoke(DelegatingMethodAccessorImpl.java:43)
	at java.base/java.lang.reflect.Method.invoke(Method.java:566)
	at org.springframework.scheduling.support.ScheduledMethodRunnable.run(ScheduledMethodRunnable.java:84)
	at org.springframework.scheduling.support.DelegatingErrorHandlingRunnable.run(DelegatingErrorHandlingRunnable.java:54)
	at org.springframework.scheduling.concurrent.ReschedulingRunnable.run(ReschedulingRunnable.java:95)
	at java.base/java.util.concurrent.Executors$RunnableAdapter.call(Executors.java:515)
	at java.base/java.util.concurrent.FutureTask.run(FutureTask.java:264)
	at java.base/java.util.concurrent.ScheduledThreadPoolExecutor$ScheduledFutureTask.run(ScheduledThreadPoolExecutor.java:304)
	at java.base/java.util.concurrent.ThreadPoolExecutor.runWorker(ThreadPoolExecutor.java:1128)
	at java.base/java.util.concurrent.ThreadPoolExecutor$Worker.run(ThreadPoolExecutor.java:628)
	at java.base/java.lang.Thread.run(Thread.java:829)
Caused by: java.lang.IllegalArgumentException: 原料可用库存不足，不能创建分配单
	at cn.bugstack.domain.materialstockallocation.service.MaterialStockAllocationService.splitAllocationItems(MaterialStockAllocationService.java:342)
	at cn.bugstack.domain.materialstockallocation.service.MaterialStockAllocationService.create(MaterialStockAllocationService.java:41)
	at cn.bugstack.domain.materialstockallocation.service.MaterialStockAllocationService$$FastClassBySpringCGLIB$$fee5b091.invoke(<generated>)
	at org.springframework.cglib.proxy.MethodProxy.invoke(MethodProxy.java:218)
	at org.springframework.aop.framework.CglibAopProxy.invokeMethod(CglibAopProxy.java:386)
	at org.springframework.aop.framework.CglibAopProxy.access$000(CglibAopProxy.java:85)
	at org.springframework.aop.framework.CglibAopProxy$DynamicAdvisedInterceptor.intercept(CglibAopProxy.java:704)
	at cn.bugstack.domain.materialstockallocation.service.MaterialStockAllocationService$$EnhancerBySpringCGLIB$$98969371.create(<generated>)
	at cn.bugstack.domain.production.service.ProductionOrderExecutor.lambda$execute$1(ProductionOrderExecutor.java:46)
	at cn.bugstack.domain.production.service.ProductionOrderExecutor.executeStage(ProductionOrderExecutor.java:89)
	... 22 common frames omitted
26-08-03.15:22:00.003 [scheduling-1    ] INFO  ProductionOrderJob     - 开始执行生产需求单任务
26-08-03.15:23:00.005 [scheduling-1    ] INFO  ProductionOrderJob     - 开始执行生产需求单任务
26-08-03.15:23:53.950 [SpringApplicationShutdownHook] INFO  HikariDataSource       - HikariPool-1 - Shutdown initiated...
26-08-03.15:23:53.962 [SpringApplicationShutdownHook] INFO  HikariDataSource       - HikariPool-1 - Shutdown completed.
26-08-03.15:23:57.728 [main            ] INFO  Application            - Starting Application using Java 11.0.31 on ASUS with PID 6024 (D:\code\s-pay-mall-ddd-cc\s-pay-mall-ddd-app\target\classes started by 13267 in D:\code\s-pay-mall-ddd-cc)
26-08-03.15:23:57.727 [background-preinit] INFO  Version                - HV000001: Hibernate Validator 6.2.5.Final
26-08-03.15:23:57.730 [main            ] INFO  Application            - The following 1 profile is active: "dev"
26-08-03.15:23:58.532 [main            ] INFO  RepositoryConfigurationDelegate - Multiple Spring Data modules found, entering strict repository configuration mode
26-08-03.15:23:58.534 [main            ] INFO  RepositoryConfigurationDelegate - Bootstrapping Spring Data Redis repositories in DEFAULT mode.
26-08-03.15:23:58.581 [main            ] INFO  RepositoryConfigurationDelegate - Finished Spring Data repository scanning in 38 ms. Found 0 Redis repository interfaces.
26-08-03.15:23:59.421 [main            ] INFO  TomcatWebServer        - Tomcat initialized with port(s): 8080 (http)
26-08-03.15:23:59.429 [main            ] INFO  Http11NioProtocol      - Initializing ProtocolHandler ["http-nio-8080"]
26-08-03.15:23:59.429 [main            ] INFO  StandardService        - Starting service [Tomcat]
26-08-03.15:23:59.431 [main            ] INFO  StandardEngine         - Starting Servlet engine: [Apache Tomcat/9.0.75]
26-08-03.15:23:59.559 [main            ] INFO  [/]                    - Initializing Spring embedded WebApplicationContext
26-08-03.15:23:59.559 [main            ] INFO  ServletWebServerApplicationContext - Root WebApplicationContext: initialization completed in 1795 ms
26-08-03.15:24:00.767 [main            ] INFO  Version                - Redisson 3.26.0
26-08-03.15:24:01.432 [redisson-netty-1-5] INFO  ConnectionsHolder      - 1 connections initialized for localhost/127.0.0.1:6379
26-08-03.15:24:01.497 [redisson-netty-1-20] INFO  ConnectionsHolder      - 24 connections initialized for localhost/127.0.0.1:6379
26-08-03.15:24:01.748 [main            ] INFO  EndpointLinksResolver  - Exposing 1 endpoint(s) beneath base path '/actuator'
26-08-03.15:24:01.763 [main            ] INFO  Http11NioProtocol      - Starting ProtocolHandler ["http-nio-8080"]
26-08-03.15:24:01.772 [main            ] INFO  TomcatWebServer        - Tomcat started on port(s): 8080 (http) with context path ''
26-08-03.15:24:01.785 [main            ] INFO  Application            - Started Application in 4.48 seconds (JVM running for 4.891)
26-08-03.15:24:03.023 [scheduling-1    ] INFO  HikariDataSource       - HikariPool-1 - Starting...
26-08-03.15:24:03.223 [scheduling-1    ] INFO  HikariDataSource       - HikariPool-1 - Start completed.
26-08-03.15:24:04.017 [http-nio-8080-exec-2] INFO  [/]                    - Initializing Spring DispatcherServlet 'dispatcherServlet'
26-08-03.15:24:04.017 [http-nio-8080-exec-2] INFO  DispatcherServlet      - Initializing Servlet 'dispatcherServlet'
26-08-03.15:24:04.019 [http-nio-8080-exec-2] INFO  DispatcherServlet      - Completed initialization in 1 ms
26-08-03.15:24:04.209 [http-nio-8080-exec-2] INFO  ProductionOrderController - 创建生产需求单开始 request:ProductionOrderCreateRequest(productId=2, requestNo=PO202608031456474264, productQuantity=500, warehouseId=1, materials=[ProductionOrderCreateRequest.MaterialItem(materialId=2, quantity=20), ProductionOrderCreateRequest.MaterialItem(materialId=3, quantity=20)])
26-08-03.15:24:04.271 [http-nio-8080-exec-2] INFO  ProductionOrderController - 创建生产需求单完成 orderId:10
26-08-03.15:24:39.576 [http-nio-8080-exec-3] INFO  ProductionOrderController - 创建生产需求单开始 request:ProductionOrderCreateRequest(productId=2, requestNo=PO202608031456474264, productQuantity=500, warehouseId=1, materials=[ProductionOrderCreateRequest.MaterialItem(materialId=2, quantity=20), ProductionOrderCreateRequest.MaterialItem(materialId=3, quantity=20)])
26-08-03.15:24:39.584 [http-nio-8080-exec-3] INFO  ProductionOrderController - 创建生产需求单完成 orderId:10
26-08-03.15:24:40.711 [http-nio-8080-exec-6] INFO  ProductionOrderController - 创建生产需求单开始 request:ProductionOrderCreateRequest(productId=2, requestNo=PO202608031456474264, productQuantity=500, warehouseId=1, materials=[ProductionOrderCreateRequest.MaterialItem(materialId=2, quantity=20), ProductionOrderCreateRequest.MaterialItem(materialId=3, quantity=20)])
26-08-03.15:24:40.718 [http-nio-8080-exec-6] INFO  ProductionOrderController - 创建生产需求单完成 orderId:10
26-08-03.15:24:55.142 [http-nio-8080-exec-7] INFO  ProductionOrderController - 创建生产需求单开始 request:ProductionOrderCreateRequest(productId=2, requestNo=PO202608031456474264, productQuantity=500, warehouseId=1, materials=[ProductionOrderCreateRequest.MaterialItem(materialId=2, quantity=20), ProductionOrderCreateRequest.MaterialItem(materialId=3, quantity=20)])
26-08-03.15:24:55.146 [http-nio-8080-exec-7] INFO  ProductionOrderController - 创建生产需求单完成 orderId:10
26-08-03.15:24:55.842 [http-nio-8080-exec-4] INFO  ProductionOrderController - 创建生产需求单开始 request:ProductionOrderCreateRequest(productId=2, requestNo=PO202608031456474264, productQuantity=500, warehouseId=1, materials=[ProductionOrderCreateRequest.MaterialItem(materialId=2, quantity=20), ProductionOrderCreateRequest.MaterialItem(materialId=3, quantity=20)])
26-08-03.15:24:55.846 [http-nio-8080-exec-4] INFO  ProductionOrderController - 创建生产需求单完成 orderId:10
26-08-03.15:24:57.060 [http-nio-8080-exec-5] INFO  ProductionOrderController - 创建生产需求单开始 request:ProductionOrderCreateRequest(productId=2, requestNo=PO202608031456474264, productQuantity=500, warehouseId=1, materials=[ProductionOrderCreateRequest.MaterialItem(materialId=2, quantity=20), ProductionOrderCreateRequest.MaterialItem(materialId=3, quantity=20)])
26-08-03.15:24:57.063 [http-nio-8080-exec-5] INFO  ProductionOrderController - 创建生产需求单完成 orderId:10
26-08-03.15:25:00.001 [scheduling-1    ] INFO  ProductionOrderJob     - 开始执行生产需求单任务
26-08-03.15:25:00.006 [scheduling-1    ] INFO  ProductionOrderService - 当前执行的生产需求单任务 orderId: 10
26-08-03.15:25:07.629 [http-nio-8080-exec-8] INFO  ProductionOrderController - 创建生产需求单开始 request:ProductionOrderCreateRequest(productId=2, requestNo=PO202608031456474264, productQuantity=500, warehouseId=1, materials=[ProductionOrderCreateRequest.MaterialItem(materialId=2, quantity=20), ProductionOrderCreateRequest.MaterialItem(materialId=3, quantity=20)])
26-08-03.15:25:07.634 [http-nio-8080-exec-8] INFO  ProductionOrderController - 创建生产需求单完成 orderId:10
26-08-03.15:25:25.491 [http-nio-8080-exec-9] INFO  ProductionOrderController - 创建生产需求单开始 request:ProductionOrderCreateRequest(productId=2, requestNo=PO202608031456474264, productQuantity=500, warehouseId=1, materials=[ProductionOrderCreateRequest.MaterialItem(materialId=2, quantity=20), ProductionOrderCreateRequest.MaterialItem(materialId=3, quantity=20)])
26-08-03.15:25:25.496 [http-nio-8080-exec-9] INFO  ProductionOrderController - 创建生产需求单完成 orderId:10
26-08-03.15:25:26.223 [http-nio-8080-exec-10] INFO  ProductionOrderController - 创建生产需求单开始 request:ProductionOrderCreateRequest(productId=2, requestNo=PO202608031456474264, productQuantity=500, warehouseId=1, materials=[ProductionOrderCreateRequest.MaterialItem(materialId=2, quantity=20), ProductionOrderCreateRequest.MaterialItem(materialId=3, quantity=20)])
26-08-03.15:25:26.226 [http-nio-8080-exec-10] INFO  ProductionOrderController - 创建生产需求单完成 orderId:10
26-08-03.15:25:27.093 [http-nio-8080-exec-1] INFO  ProductionOrderController - 创建生产需求单开始 request:ProductionOrderCreateRequest(productId=2, requestNo=PO202608031456474264, productQuantity=500, warehouseId=1, materials=[ProductionOrderCreateRequest.MaterialItem(materialId=2, quantity=20), ProductionOrderCreateRequest.MaterialItem(materialId=3, quantity=20)])
26-08-03.15:25:27.097 [http-nio-8080-exec-1] INFO  ProductionOrderController - 创建生产需求单完成 orderId:10
26-08-03.15:26:00.011 [scheduling-1    ] INFO  ProductionOrderJob     - 开始执行生产需求单任务
26-08-03.15:26:48.461 [http-nio-8080-exec-6] INFO  ProductionOrderController - 创建生产需求单开始 request:ProductionOrderCreateRequest(productId=2, requestNo=HISTORY_PO202608022141259330, productQuantity=500, warehouseId=1, materials=[ProductionOrderCreateRequest.MaterialItem(materialId=2, quantity=20), ProductionOrderCreateRequest.MaterialItem(materialId=3, quantity=20)])
26-08-03.15:26:48.464 [http-nio-8080-exec-6] INFO  ProductionOrderController - 创建生产需求单完成 orderId:8
26-08-03.15:26:49.192 [http-nio-8080-exec-7] INFO  ProductionOrderController - 创建生产需求单开始 request:ProductionOrderCreateRequest(productId=2, requestNo=HISTORY_PO202608022141259330, productQuantity=500, warehouseId=1, materials=[ProductionOrderCreateRequest.MaterialItem(materialId=2, quantity=20), ProductionOrderCreateRequest.MaterialItem(materialId=3, quantity=20)])
26-08-03.15:26:49.195 [http-nio-8080-exec-7] INFO  ProductionOrderController - 创建生产需求单完成 orderId:8
26-08-03.15:26:49.781 [http-nio-8080-exec-4] INFO  ProductionOrderController - 创建生产需求单开始 request:ProductionOrderCreateRequest(productId=2, requestNo=HISTORY_PO202608022141259330, productQuantity=500, warehouseId=1, materials=[ProductionOrderCreateRequest.MaterialItem(materialId=2, quantity=20), ProductionOrderCreateRequest.MaterialItem(materialId=3, quantity=20)])
26-08-03.15:26:49.785 [http-nio-8080-exec-4] INFO  ProductionOrderController - 创建生产需求单完成 orderId:8
26-08-03.15:27:00.006 [scheduling-1    ] INFO  ProductionOrderJob     - 开始执行生产需求单任务
26-08-03.15:27:06.380 [http-nio-8080-exec-5] INFO  ProductionOrderController - 创建生产需求单开始 request:ProductionOrderCreateRequest(productId=2, requestNo=HISTORY_PO202608022141259330, productQuantity=500, warehouseId=1, materials=[ProductionOrderCreateRequest.MaterialItem(materialId=2, quantity=20), ProductionOrderCreateRequest.MaterialItem(materialId=3, quantity=20)])
26-08-03.15:27:06.384 [http-nio-8080-exec-5] INFO  ProductionOrderController - 创建生产需求单完成 orderId:8
26-08-03.15:27:36.788 [http-nio-8080-exec-8] INFO  ProductionOrderController - 创建生产需求单开始 request:ProductionOrderCreateRequest(productId=2, requestNo=HISTORY_PO202608022141259331, productQuantity=500, warehouseId=1, materials=[ProductionOrderCreateRequest.MaterialItem(materialId=2, quantity=20), ProductionOrderCreateRequest.MaterialItem(materialId=3, quantity=20)])
26-08-03.15:27:36.793 [http-nio-8080-exec-8] INFO  ProductionOrderController - 创建生产需求单完成 orderId:9
26-08-03.15:28:00.000 [scheduling-1    ] INFO  ProductionOrderJob     - 开始执行生产需求单任务
26-08-03.15:29:00.003 [scheduling-1    ] INFO  ProductionOrderJob     - 开始执行生产需求单任务
26-08-03.15:30:00.010 [scheduling-1    ] INFO  TimeoutCloseOrderJob   - 定时任务，超时30分钟订单关闭，暂无超时未支付订单 orderIds is null
26-08-03.15:30:00.011 [scheduling-1    ] INFO  ProductionOrderJob     - 开始执行生产需求单任务
26-08-03.15:31:00.010 [scheduling-1    ] INFO  ProductionOrderJob     - 开始执行生产需求单任务
26-08-03.15:32:00.007 [scheduling-1    ] INFO  ProductionOrderJob     - 开始执行生产需求单任务
26-08-03.15:33:00.011 [scheduling-1    ] INFO  ProductionOrderJob     - 开始执行生产需求单任务
26-08-03.15:34:00.009 [scheduling-1    ] INFO  ProductionOrderJob     - 开始执行生产需求单任务
26-08-03.15:34:43.444 [http-nio-8080-exec-1] INFO  ProductionOrderController - 创建生产需求单开始 request:ProductionOrderCreateRequest(productId=2, requestNo=HISTORY_PO202608022141259331, productQuantity=500, warehouseId=1, materials=[ProductionOrderCreateRequest.MaterialItem(materialId=2, quantity=20), ProductionOrderCreateRequest.MaterialItem(materialId=3, quantity=20)])
26-08-03.15:34:43.447 [http-nio-8080-exec-1] INFO  ProductionOrderController - 创建生产需求单完成 orderId:9
26-08-03.15:35:00.009 [scheduling-1    ] INFO  ProductionOrderJob     - 开始执行生产需求单任务
26-08-03.15:36:00.012 [scheduling-1    ] INFO  ProductionOrderJob     - 开始执行生产需求单任务
26-08-03.15:37:00.012 [scheduling-1    ] INFO  ProductionOrderJob     - 开始执行生产需求单任务
26-08-03.15:38:00.013 [scheduling-1    ] INFO  ProductionOrderJob     - 开始执行生产需求单任务
26-08-03.15:39:00.003 [scheduling-1    ] INFO  ProductionOrderJob     - 开始执行生产需求单任务
26-08-03.15:39:51.839 [SpringApplicationShutdownHook] INFO  HikariDataSource       - HikariPool-1 - Shutdown initiated...
26-08-03.15:39:51.851 [SpringApplicationShutdownHook] INFO  HikariDataSource       - HikariPool-1 - Shutdown completed.
26-08-03.15:40:17.482 [background-preinit] INFO  Version                - HV000001: Hibernate Validator 6.2.5.Final
26-08-03.15:40:17.483 [main            ] INFO  Application            - Starting Application using Java 11.0.31 on ASUS with PID 21960 (D:\code\s-pay-mall-ddd-cc\s-pay-mall-ddd-app\target\classes started by 13267 in D:\code\s-pay-mall-ddd-cc)
26-08-03.15:40:17.485 [main            ] INFO  Application            - The following 1 profile is active: "dev"
26-08-03.15:40:18.373 [main            ] INFO  RepositoryConfigurationDelegate - Multiple Spring Data modules found, entering strict repository configuration mode
26-08-03.15:40:18.375 [main            ] INFO  RepositoryConfigurationDelegate - Bootstrapping Spring Data Redis repositories in DEFAULT mode.
26-08-03.15:40:18.420 [main            ] INFO  RepositoryConfigurationDelegate - Finished Spring Data repository scanning in 34 ms. Found 0 Redis repository interfaces.
26-08-03.15:40:19.299 [main            ] INFO  TomcatWebServer        - Tomcat initialized with port(s): 8080 (http)
26-08-03.15:40:19.321 [main            ] INFO  Http11NioProtocol      - Initializing ProtocolHandler ["http-nio-8080"]
26-08-03.15:40:19.322 [main            ] INFO  StandardService        - Starting service [Tomcat]
26-08-03.15:40:19.322 [main            ] INFO  StandardEngine         - Starting Servlet engine: [Apache Tomcat/9.0.75]
26-08-03.15:40:19.476 [main            ] INFO  [/]                    - Initializing Spring embedded WebApplicationContext
26-08-03.15:40:19.476 [main            ] INFO  ServletWebServerApplicationContext - Root WebApplicationContext: initialization completed in 1943 ms
26-08-03.15:40:20.670 [main            ] INFO  Version                - Redisson 3.26.0
26-08-03.15:40:21.363 [redisson-netty-1-5] INFO  ConnectionsHolder      - 1 connections initialized for localhost/127.0.0.1:6379
26-08-03.15:40:21.449 [redisson-netty-1-20] INFO  ConnectionsHolder      - 24 connections initialized for localhost/127.0.0.1:6379
26-08-03.15:40:21.805 [main            ] INFO  EndpointLinksResolver  - Exposing 1 endpoint(s) beneath base path '/actuator'
26-08-03.15:40:21.829 [main            ] INFO  Http11NioProtocol      - Starting ProtocolHandler ["http-nio-8080"]
26-08-03.15:40:21.840 [main            ] INFO  TomcatWebServer        - Tomcat started on port(s): 8080 (http) with context path ''
26-08-03.15:40:21.854 [main            ] INFO  Application            - Started Application in 4.992 seconds (JVM running for 5.787)
26-08-03.15:40:24.035 [scheduling-1    ] INFO  HikariDataSource       - HikariPool-1 - Starting...
26-08-03.15:40:24.269 [scheduling-1    ] INFO  HikariDataSource       - HikariPool-1 - Start completed.
26-08-03.15:40:25.335 [http-nio-8080-exec-2] INFO  [/]                    - Initializing Spring DispatcherServlet 'dispatcherServlet'
26-08-03.15:40:25.335 [http-nio-8080-exec-2] INFO  DispatcherServlet      - Initializing Servlet 'dispatcherServlet'
26-08-03.15:40:25.337 [http-nio-8080-exec-2] INFO  DispatcherServlet      - Completed initialization in 1 ms
26-08-03.15:40:25.547 [http-nio-8080-exec-2] INFO  ProductionOrderController - 创建生产需求单开始 request:ProductionOrderCreateRequest(productId=2, requestNo=HISTORY_PO202608022141259331, productQuantity=500, warehouseId=1, materials=[ProductionOrderCreateRequest.MaterialItem(materialId=2, quantity=20), ProductionOrderCreateRequest.MaterialItem(materialId=3, quantity=20)])
26-08-03.15:40:25.573 [http-nio-8080-exec-2] INFO  ProductionOrderController - 创建生产需求单完成 orderId:9
26-08-03.15:41:00.005 [scheduling-1    ] INFO  ProductionOrderJob     - 开始执行生产需求单任务
26-08-03.15:41:03.796 [SpringApplicationShutdownHook] INFO  HikariDataSource       - HikariPool-1 - Shutdown initiated...
26-08-03.15:41:03.808 [SpringApplicationShutdownHook] INFO  HikariDataSource       - HikariPool-1 - Shutdown completed.
26-08-03.15:41:06.025 [main            ] INFO  Application            - Starting Application using Java 11.0.31 on ASUS with PID 33128 (D:\code\s-pay-mall-ddd-cc\s-pay-mall-ddd-app\target\classes started by 13267 in D:\code\s-pay-mall-ddd-cc)
26-08-03.15:41:06.025 [background-preinit] INFO  Version                - HV000001: Hibernate Validator 6.2.5.Final
26-08-03.15:41:06.028 [main            ] INFO  Application            - The following 1 profile is active: "dev"
26-08-03.15:41:06.838 [main            ] INFO  RepositoryConfigurationDelegate - Multiple Spring Data modules found, entering strict repository configuration mode
26-08-03.15:41:06.843 [main            ] INFO  RepositoryConfigurationDelegate - Bootstrapping Spring Data Redis repositories in DEFAULT mode.
26-08-03.15:41:06.891 [main            ] INFO  RepositoryConfigurationDelegate - Finished Spring Data repository scanning in 37 ms. Found 0 Redis repository interfaces.
26-08-03.15:41:07.695 [main            ] INFO  TomcatWebServer        - Tomcat initialized with port(s): 8080 (http)
26-08-03.15:41:07.707 [main            ] INFO  Http11NioProtocol      - Initializing ProtocolHandler ["http-nio-8080"]
26-08-03.15:41:07.707 [main            ] INFO  StandardService        - Starting service [Tomcat]
26-08-03.15:41:07.707 [main            ] INFO  StandardEngine         - Starting Servlet engine: [Apache Tomcat/9.0.75]
26-08-03.15:41:07.829 [main            ] INFO  [/]                    - Initializing Spring embedded WebApplicationContext
26-08-03.15:41:07.829 [main            ] INFO  ServletWebServerApplicationContext - Root WebApplicationContext: initialization completed in 1764 ms
26-08-03.15:41:08.873 [main            ] INFO  Version                - Redisson 3.26.0
26-08-03.15:41:09.436 [redisson-netty-1-5] INFO  ConnectionsHolder      - 1 connections initialized for localhost/127.0.0.1:6379
26-08-03.15:41:09.513 [redisson-netty-1-20] INFO  ConnectionsHolder      - 24 connections initialized for localhost/127.0.0.1:6379
26-08-03.15:41:09.826 [main            ] INFO  EndpointLinksResolver  - Exposing 1 endpoint(s) beneath base path '/actuator'
26-08-03.15:41:09.845 [main            ] INFO  Http11NioProtocol      - Starting ProtocolHandler ["http-nio-8080"]
26-08-03.15:41:09.853 [main            ] INFO  TomcatWebServer        - Tomcat started on port(s): 8080 (http) with context path ''
26-08-03.15:41:09.866 [main            ] INFO  Application            - Started Application in 4.327 seconds (JVM running for 4.863)
26-08-03.15:41:12.017 [scheduling-1    ] INFO  HikariDataSource       - HikariPool-1 - Starting...
26-08-03.15:41:12.190 [scheduling-1    ] INFO  HikariDataSource       - HikariPool-1 - Start completed.
26-08-03.15:41:17.109 [http-nio-8080-exec-1] INFO  [/]                    - Initializing Spring DispatcherServlet 'dispatcherServlet'
26-08-03.15:41:17.109 [http-nio-8080-exec-1] INFO  DispatcherServlet      - Initializing Servlet 'dispatcherServlet'
26-08-03.15:41:17.110 [http-nio-8080-exec-1] INFO  DispatcherServlet      - Completed initialization in 1 ms
26-08-03.15:41:17.334 [http-nio-8080-exec-1] INFO  ProductionOrderController - 创建生产需求单开始 request:ProductionOrderCreateRequest(productId=2, requestNo=HISTORY_PO202608022141259331, productQuantity=500, warehouseId=1, materials=[ProductionOrderCreateRequest.MaterialItem(materialId=2, quantity=20), ProductionOrderCreateRequest.MaterialItem(materialId=3, quantity=20)])
26-08-03.15:41:17.361 [http-nio-8080-exec-1] INFO  ProductionOrderController - 创建生产需求单完成 orderId:9
26-08-03.15:42:00.003 [scheduling-1    ] INFO  ProductionOrderJob     - 开始执行生产需求单任务
26-08-03.15:43:00.008 [scheduling-1    ] INFO  ProductionOrderJob     - 开始执行生产需求单任务
26-08-03.15:43:21.121 [SpringApplicationShutdownHook] INFO  HikariDataSource       - HikariPool-1 - Shutdown initiated...
26-08-03.15:43:21.133 [SpringApplicationShutdownHook] INFO  HikariDataSource       - HikariPool-1 - Shutdown completed.
26-08-03.15:43:25.204 [background-preinit] INFO  Version                - HV000001: Hibernate Validator 6.2.5.Final
26-08-03.15:43:25.204 [main            ] INFO  Application            - Starting Application using Java 11.0.31 on ASUS with PID 21520 (D:\code\s-pay-mall-ddd-cc\s-pay-mall-ddd-app\target\classes started by 13267 in D:\code\s-pay-mall-ddd-cc)
26-08-03.15:43:25.207 [main            ] INFO  Application            - The following 1 profile is active: "dev"
26-08-03.15:43:26.086 [main            ] INFO  RepositoryConfigurationDelegate - Multiple Spring Data modules found, entering strict repository configuration mode
26-08-03.15:43:26.088 [main            ] INFO  RepositoryConfigurationDelegate - Bootstrapping Spring Data Redis repositories in DEFAULT mode.
26-08-03.15:43:26.138 [main            ] INFO  RepositoryConfigurationDelegate - Finished Spring Data repository scanning in 38 ms. Found 0 Redis repository interfaces.
26-08-03.15:43:26.993 [main            ] INFO  TomcatWebServer        - Tomcat initialized with port(s): 8080 (http)
26-08-03.15:43:27.008 [main            ] INFO  Http11NioProtocol      - Initializing ProtocolHandler ["http-nio-8080"]
26-08-03.15:43:27.008 [main            ] INFO  StandardService        - Starting service [Tomcat]
26-08-03.15:43:27.008 [main            ] INFO  StandardEngine         - Starting Servlet engine: [Apache Tomcat/9.0.75]
26-08-03.15:43:27.139 [main            ] INFO  [/]                    - Initializing Spring embedded WebApplicationContext
26-08-03.15:43:27.140 [main            ] INFO  ServletWebServerApplicationContext - Root WebApplicationContext: initialization completed in 1894 ms
26-08-03.15:43:28.275 [main            ] INFO  Version                - Redisson 3.26.0
26-08-03.15:43:28.848 [redisson-netty-1-5] INFO  ConnectionsHolder      - 1 connections initialized for localhost/127.0.0.1:6379
26-08-03.15:43:28.916 [redisson-netty-1-20] INFO  ConnectionsHolder      - 24 connections initialized for localhost/127.0.0.1:6379
26-08-03.15:43:29.212 [main            ] INFO  EndpointLinksResolver  - Exposing 1 endpoint(s) beneath base path '/actuator'
26-08-03.15:43:29.230 [main            ] INFO  Http11NioProtocol      - Starting ProtocolHandler ["http-nio-8080"]
26-08-03.15:43:29.238 [main            ] INFO  TomcatWebServer        - Tomcat started on port(s): 8080 (http) with context path ''
26-08-03.15:43:29.251 [main            ] INFO  Application            - Started Application in 4.521 seconds (JVM running for 4.99)
26-08-03.15:43:30.018 [scheduling-1    ] INFO  HikariDataSource       - HikariPool-1 - Starting...
26-08-03.15:43:30.186 [scheduling-1    ] INFO  HikariDataSource       - HikariPool-1 - Start completed.
26-08-03.15:43:42.114 [http-nio-8080-exec-3] INFO  [/]                    - Initializing Spring DispatcherServlet 'dispatcherServlet'
26-08-03.15:43:42.114 [http-nio-8080-exec-3] INFO  DispatcherServlet      - Initializing Servlet 'dispatcherServlet'
26-08-03.15:43:42.116 [http-nio-8080-exec-3] INFO  DispatcherServlet      - Completed initialization in 1 ms
26-08-03.15:43:42.328 [http-nio-8080-exec-3] INFO  ProductionOrderController - 创建生产需求单开始 request:ProductionOrderCreateRequest(productId=2, requestNo=HISTORY_PO202608022141259331, productQuantity=500, warehouseId=1, materials=[ProductionOrderCreateRequest.MaterialItem(materialId=2, quantity=20), ProductionOrderCreateRequest.MaterialItem(materialId=3, quantity=20)])
26-08-03.15:43:42.352 [http-nio-8080-exec-3] WARN  ProductionOrderService - 生产需求单请求号已存在 requestNo:HISTORY_PO202608022141259331
26-08-03.15:44:00.012 [scheduling-1    ] INFO  ProductionOrderJob     - 开始执行生产需求单任务
26-08-03.15:45:00.003 [scheduling-1    ] INFO  ProductionOrderJob     - 开始执行生产需求单任务
26-08-03.15:45:13.234 [SpringApplicationShutdownHook] INFO  HikariDataSource       - HikariPool-1 - Shutdown initiated...
26-08-03.15:45:13.246 [SpringApplicationShutdownHook] INFO  HikariDataSource       - HikariPool-1 - Shutdown completed.
26-08-03.15:45:15.851 [main            ] INFO  Application            - Starting Application using Java 11.0.31 on ASUS with PID 22072 (D:\code\s-pay-mall-ddd-cc\s-pay-mall-ddd-app\target\classes started by 13267 in D:\code\s-pay-mall-ddd-cc)
26-08-03.15:45:15.851 [background-preinit] INFO  Version                - HV000001: Hibernate Validator 6.2.5.Final
26-08-03.15:45:15.855 [main            ] INFO  Application            - The following 1 profile is active: "dev"
26-08-03.15:45:16.697 [main            ] INFO  RepositoryConfigurationDelegate - Multiple Spring Data modules found, entering strict repository configuration mode
26-08-03.15:45:16.699 [main            ] INFO  RepositoryConfigurationDelegate - Bootstrapping Spring Data Redis repositories in DEFAULT mode.
26-08-03.15:45:16.742 [main            ] INFO  RepositoryConfigurationDelegate - Finished Spring Data repository scanning in 33 ms. Found 0 Redis repository interfaces.
26-08-03.15:45:17.535 [main            ] INFO  TomcatWebServer        - Tomcat initialized with port(s): 8080 (http)
26-08-03.15:45:17.548 [main            ] INFO  Http11NioProtocol      - Initializing ProtocolHandler ["http-nio-8080"]
26-08-03.15:45:17.548 [main            ] INFO  StandardService        - Starting service [Tomcat]
26-08-03.15:45:17.548 [main            ] INFO  StandardEngine         - Starting Servlet engine: [Apache Tomcat/9.0.75]
26-08-03.15:45:17.673 [main            ] INFO  [/]                    - Initializing Spring embedded WebApplicationContext
26-08-03.15:45:17.673 [main            ] INFO  ServletWebServerApplicationContext - Root WebApplicationContext: initialization completed in 1777 ms
26-08-03.15:45:18.706 [main            ] INFO  Version                - Redisson 3.26.0
26-08-03.15:45:19.273 [redisson-netty-1-5] INFO  ConnectionsHolder      - 1 connections initialized for localhost/127.0.0.1:6379
26-08-03.15:45:19.349 [redisson-netty-1-20] INFO  ConnectionsHolder      - 24 connections initialized for localhost/127.0.0.1:6379
26-08-03.15:45:19.678 [main            ] INFO  EndpointLinksResolver  - Exposing 1 endpoint(s) beneath base path '/actuator'
26-08-03.15:45:19.699 [main            ] INFO  Http11NioProtocol      - Starting ProtocolHandler ["http-nio-8080"]
26-08-03.15:45:19.709 [main            ] INFO  TomcatWebServer        - Tomcat started on port(s): 8080 (http) with context path ''
26-08-03.15:45:19.723 [main            ] INFO  Application            - Started Application in 4.489 seconds (JVM running for 5.224)
26-08-03.15:45:21.033 [scheduling-1    ] INFO  HikariDataSource       - HikariPool-1 - Starting...
26-08-03.15:45:21.235 [scheduling-1    ] INFO  HikariDataSource       - HikariPool-1 - Start completed.
26-08-03.15:45:28.017 [http-nio-8080-exec-3] INFO  [/]                    - Initializing Spring DispatcherServlet 'dispatcherServlet'
26-08-03.15:45:28.017 [http-nio-8080-exec-3] INFO  DispatcherServlet      - Initializing Servlet 'dispatcherServlet'
26-08-03.15:45:28.018 [http-nio-8080-exec-3] INFO  DispatcherServlet      - Completed initialization in 1 ms
26-08-03.15:45:28.228 [http-nio-8080-exec-3] INFO  ProductionOrderController - 创建生产需求单开始 request:ProductionOrderCreateRequest(productId=2, requestNo=HISTORY_PO202608022141259331, productQuantity=500, warehouseId=1, materials=[ProductionOrderCreateRequest.MaterialItem(materialId=2, quantity=20), ProductionOrderCreateRequest.MaterialItem(materialId=3, quantity=20)])
26-08-03.15:46:37.512 [HikariPool-1 housekeeper] WARN  HikariPool             - HikariPool-1 - Thread starvation or clock leap detected (housekeeper delta=1m16s172ms234µs200ns).
26-08-03.15:46:39.526 [scheduling-1    ] INFO  ProductionOrderJob     - 开始执行生产需求单任务
26-08-03.15:46:42.882 [http-nio-8080-exec-3] WARN  ProductionOrderService - 生产需求单请求号已存在 requestNo:HISTORY_PO202608022141259331
26-08-03.15:47:00.013 [scheduling-1    ] INFO  ProductionOrderJob     - 开始执行生产需求单任务
26-08-03.15:47:34.633 [HikariPool-1 housekeeper] WARN  HikariPool             - HikariPool-1 - Thread starvation or clock leap detected (housekeeper delta=57s121ms544µs800ns).
26-08-03.15:48:53.481 [HikariPool-1 housekeeper] WARN  HikariPool             - HikariPool-1 - Thread starvation or clock leap detected (housekeeper delta=56s656ms147µs300ns).
26-08-03.15:48:56.224 [scheduling-1    ] INFO  ProductionOrderJob     - 开始执行生产需求单任务
26-08-03.15:49:18.093 [scheduling-1    ] INFO  ProductionOrderJob     - 开始执行生产需求单任务
26-08-03.15:49:24.435 [HikariPool-1 housekeeper] WARN  HikariPool             - HikariPool-1 - Thread starvation or clock leap detected (housekeeper delta=53s145ms337µs500ns).
26-08-03.15:49:42.645 [http-nio-8080-exec-2] INFO  ProductionOrderController - 创建生产需求单开始 request:ProductionOrderCreateRequest(productId=2, requestNo=HISTORY_PO202608022141259331, productQuantity=500, warehouseId=1, materials=[ProductionOrderCreateRequest.MaterialItem(materialId=2, quantity=20), ProductionOrderCreateRequest.MaterialItem(materialId=3, quantity=20)])
26-08-03.15:51:30.288 [HikariPool-1 housekeeper] WARN  HikariPool             - HikariPool-1 - Thread starvation or clock leap detected (housekeeper delta=2m5s852ms662µs700ns).
26-08-03.15:51:30.291 [scheduling-1    ] INFO  ProductionOrderJob     - 开始执行生产需求单任务
26-08-03.15:51:30.297 [http-nio-8080-exec-2] WARN  ProductionOrderService - 生产需求单请求号已存在 requestNo:HISTORY_PO202608022141259331
26-08-03.15:51:30.298 [scheduling-1    ] INFO  TimeoutCloseOrderJob   - 定时任务，超时30分钟订单关闭，暂无超时未支付订单 orderIds is null
26-08-03.15:51:30.641 [SpringApplicationShutdownHook] INFO  HikariDataSource       - HikariPool-1 - Shutdown initiated...
26-08-03.15:51:30.653 [SpringApplicationShutdownHook] INFO  HikariDataSource       - HikariPool-1 - Shutdown completed.
26-08-03.15:51:32.789 [main            ] INFO  Application            - Starting Application using Java 11.0.31 on ASUS with PID 25092 (D:\code\s-pay-mall-ddd-cc\s-pay-mall-ddd-app\target\classes started by 13267 in D:\code\s-pay-mall-ddd-cc)
26-08-03.15:51:32.788 [background-preinit] INFO  Version                - HV000001: Hibernate Validator 6.2.5.Final
26-08-03.15:51:32.790 [main            ] INFO  Application            - The following 1 profile is active: "dev"
26-08-03.15:51:33.598 [main            ] INFO  RepositoryConfigurationDelegate - Multiple Spring Data modules found, entering strict repository configuration mode
26-08-03.15:51:33.600 [main            ] INFO  RepositoryConfigurationDelegate - Bootstrapping Spring Data Redis repositories in DEFAULT mode.
26-08-03.15:51:33.644 [main            ] INFO  RepositoryConfigurationDelegate - Finished Spring Data repository scanning in 33 ms. Found 0 Redis repository interfaces.
26-08-03.15:51:34.435 [main            ] INFO  TomcatWebServer        - Tomcat initialized with port(s): 8080 (http)
26-08-03.15:51:34.446 [main            ] INFO  Http11NioProtocol      - Initializing ProtocolHandler ["http-nio-8080"]
26-08-03.15:51:34.446 [main            ] INFO  StandardService        - Starting service [Tomcat]
26-08-03.15:51:34.448 [main            ] INFO  StandardEngine         - Starting Servlet engine: [Apache Tomcat/9.0.75]
26-08-03.15:51:34.569 [main            ] INFO  [/]                    - Initializing Spring embedded WebApplicationContext
26-08-03.15:51:34.570 [main            ] INFO  ServletWebServerApplicationContext - Root WebApplicationContext: initialization completed in 1744 ms
26-08-03.15:51:35.599 [main            ] INFO  Version                - Redisson 3.26.0
26-08-03.15:51:36.161 [redisson-netty-1-5] INFO  ConnectionsHolder      - 1 connections initialized for localhost/127.0.0.1:6379
26-08-03.15:51:36.232 [redisson-netty-1-20] INFO  ConnectionsHolder      - 24 connections initialized for localhost/127.0.0.1:6379
26-08-03.15:51:36.537 [main            ] INFO  EndpointLinksResolver  - Exposing 1 endpoint(s) beneath base path '/actuator'
26-08-03.15:51:36.557 [main            ] INFO  Http11NioProtocol      - Starting ProtocolHandler ["http-nio-8080"]
26-08-03.15:51:36.567 [main            ] INFO  TomcatWebServer        - Tomcat started on port(s): 8080 (http) with context path ''
26-08-03.15:51:36.580 [main            ] INFO  Application            - Started Application in 4.265 seconds (JVM running for 4.803)
26-08-03.15:51:39.031 [scheduling-1    ] INFO  HikariDataSource       - HikariPool-1 - Starting...
26-08-03.15:51:39.204 [scheduling-1    ] INFO  HikariDataSource       - HikariPool-1 - Start completed.
26-08-03.15:51:44.978 [http-nio-8080-exec-3] INFO  [/]                    - Initializing Spring DispatcherServlet 'dispatcherServlet'
26-08-03.15:51:44.979 [http-nio-8080-exec-3] INFO  DispatcherServlet      - Initializing Servlet 'dispatcherServlet'
26-08-03.15:51:44.979 [http-nio-8080-exec-3] INFO  DispatcherServlet      - Completed initialization in 0 ms
26-08-03.15:51:45.181 [http-nio-8080-exec-3] INFO  ProductionOrderController - 创建生产需求单开始 request:ProductionOrderCreateRequest(productId=2, requestNo=HISTORY_PO202608022141259331, productQuantity=500, warehouseId=1, materials=[ProductionOrderCreateRequest.MaterialItem(materialId=2, quantity=20), ProductionOrderCreateRequest.MaterialItem(materialId=3, quantity=20)])
26-08-03.15:51:54.568 [http-nio-8080-exec-3] WARN  ProductionOrderService - 生产需求单请求号已存在 requestNo:HISTORY_PO202608022141259331
26-08-03.15:52:03.102 [scheduling-1    ] INFO  ProductionOrderJob     - 开始执行生产需求单任务
26-08-03.15:52:14.176 [http-nio-8080-exec-4] INFO  ProductionOrderController - 创建生产需求单开始 request:ProductionOrderCreateRequest(productId=2, requestNo=HISTORY_PO202608022141259331, productQuantity=500, warehouseId=1, materials=[ProductionOrderCreateRequest.MaterialItem(materialId=2, quantity=20), ProductionOrderCreateRequest.MaterialItem(materialId=3, quantity=20)])
26-08-03.15:52:42.114 [http-nio-8080-exec-4] WARN  ProductionOrderService - 生产需求单请求号已存在 requestNo:HISTORY_PO202608022141259331
26-08-03.15:52:55.813 [http-nio-8080-exec-2] INFO  ProductionOrderController - 创建生产需求单开始 request:ProductionOrderCreateRequest(productId=2, requestNo=HISTORY_PO202608022141259331, productQuantity=500, warehouseId=1, materials=[ProductionOrderCreateRequest.MaterialItem(materialId=2, quantity=20), ProductionOrderCreateRequest.MaterialItem(materialId=3, quantity=20)])
26-08-03.15:52:55.818 [http-nio-8080-exec-2] WARN  ProductionOrderService - 生产需求单请求号已存在 requestNo:HISTORY_PO202608022141259331
26-08-03.15:52:56.149 [SpringApplicationShutdownHook] INFO  HikariDataSource       - HikariPool-1 - Shutdown initiated...
26-08-03.15:52:56.162 [SpringApplicationShutdownHook] INFO  HikariDataSource       - HikariPool-1 - Shutdown completed.
26-08-03.16:07:28.359 [background-preinit] INFO  Version                - HV000001: Hibernate Validator 6.2.5.Final
26-08-03.16:07:28.359 [main            ] INFO  Application            - Starting Application using Java 11.0.31 on ASUS with PID 13956 (D:\code\s-pay-mall-ddd-cc\s-pay-mall-ddd-app\target\classes started by 13267 in D:\code\s-pay-mall-ddd-cc)
26-08-03.16:07:28.362 [main            ] INFO  Application            - The following 1 profile is active: "dev"
26-08-03.16:07:29.125 [main            ] INFO  RepositoryConfigurationDelegate - Multiple Spring Data modules found, entering strict repository configuration mode
26-08-03.16:07:29.127 [main            ] INFO  RepositoryConfigurationDelegate - Bootstrapping Spring Data Redis repositories in DEFAULT mode.
26-08-03.16:07:29.171 [main            ] INFO  RepositoryConfigurationDelegate - Finished Spring Data repository scanning in 35 ms. Found 0 Redis repository interfaces.
26-08-03.16:07:29.917 [main            ] INFO  TomcatWebServer        - Tomcat initialized with port(s): 8080 (http)
26-08-03.16:07:29.923 [main            ] INFO  Http11NioProtocol      - Initializing ProtocolHandler ["http-nio-8080"]
26-08-03.16:07:29.924 [main            ] INFO  StandardService        - Starting service [Tomcat]
26-08-03.16:07:29.924 [main            ] INFO  StandardEngine         - Starting Servlet engine: [Apache Tomcat/9.0.75]
26-08-03.16:07:30.030 [main            ] INFO  [/]                    - Initializing Spring embedded WebApplicationContext
26-08-03.16:07:30.031 [main            ] INFO  ServletWebServerApplicationContext - Root WebApplicationContext: initialization completed in 1636 ms
26-08-03.16:07:31.112 [main            ] INFO  Version                - Redisson 3.26.0
26-08-03.16:07:31.794 [redisson-netty-1-5] INFO  ConnectionsHolder      - 1 connections initialized for localhost/127.0.0.1:6379
26-08-03.16:07:31.886 [redisson-netty-1-20] INFO  ConnectionsHolder      - 24 connections initialized for localhost/127.0.0.1:6379
26-08-03.16:07:32.162 [main            ] INFO  EndpointLinksResolver  - Exposing 1 endpoint(s) beneath base path '/actuator'
26-08-03.16:07:32.178 [main            ] INFO  Http11NioProtocol      - Starting ProtocolHandler ["http-nio-8080"]
26-08-03.16:07:32.197 [main            ] INFO  TomcatWebServer        - Tomcat started on port(s): 8080 (http) with context path ''
26-08-03.16:07:32.210 [main            ] INFO  Application            - Started Application in 4.24 seconds (JVM running for 4.584)
26-08-03.16:07:33.021 [scheduling-1    ] INFO  HikariDataSource       - HikariPool-1 - Starting...
26-08-03.16:07:33.163 [scheduling-1    ] INFO  HikariDataSource       - HikariPool-1 - Start completed.
26-08-03.16:07:47.002 [http-nio-8080-exec-2] INFO  [/]                    - Initializing Spring DispatcherServlet 'dispatcherServlet'
26-08-03.16:07:47.002 [http-nio-8080-exec-2] INFO  DispatcherServlet      - Initializing Servlet 'dispatcherServlet'
26-08-03.16:07:47.004 [http-nio-8080-exec-2] INFO  DispatcherServlet      - Completed initialization in 1 ms
26-08-03.16:07:47.201 [http-nio-8080-exec-2] INFO  ProductionOrderController - 创建生产需求单开始 request:ProductionOrderCreateRequest(productId=2, requestNo=HISTORY_PO202608022141259331, productQuantity=500, warehouseId=1, materials=[ProductionOrderCreateRequest.MaterialItem(materialId=2, quantity=20), ProductionOrderCreateRequest.MaterialItem(materialId=3, quantity=20)])
26-08-03.16:07:47.224 [http-nio-8080-exec-2] WARN  ProductionOrderService - 生产需求单请求号已存在 requestNo:HISTORY_PO202608022141259331
26-08-03.16:07:56.837 [SpringApplicationShutdownHook] INFO  HikariDataSource       - HikariPool-1 - Shutdown initiated...
26-08-03.16:07:56.847 [SpringApplicationShutdownHook] INFO  HikariDataSource       - HikariPool-1 - Shutdown completed.
26-08-03.17:23:54.210 [main            ] INFO  Application            - Starting Application using Java 11.0.31 on ASUS with PID 25148 (D:\code\s-pay-mall-ddd-cc\s-pay-mall-ddd-app\target\classes started by 13267 in D:\code\s-pay-mall-ddd-cc)
26-08-03.17:23:54.210 [background-preinit] INFO  Version                - HV000001: Hibernate Validator 6.2.5.Final
26-08-03.17:23:54.212 [main            ] INFO  Application            - The following 1 profile is active: "dev"
26-08-03.17:23:55.058 [main            ] INFO  RepositoryConfigurationDelegate - Multiple Spring Data modules found, entering strict repository configuration mode
26-08-03.17:23:55.062 [main            ] INFO  RepositoryConfigurationDelegate - Bootstrapping Spring Data Redis repositories in DEFAULT mode.
26-08-03.17:23:55.110 [main            ] INFO  RepositoryConfigurationDelegate - Finished Spring Data repository scanning in 36 ms. Found 0 Redis repository interfaces.
26-08-03.17:23:55.940 [main            ] INFO  TomcatWebServer        - Tomcat initialized with port(s): 8080 (http)
26-08-03.17:23:55.955 [main            ] INFO  Http11NioProtocol      - Initializing ProtocolHandler ["http-nio-8080"]
26-08-03.17:23:55.956 [main            ] INFO  StandardService        - Starting service [Tomcat]
26-08-03.17:23:55.956 [main            ] INFO  StandardEngine         - Starting Servlet engine: [Apache Tomcat/9.0.75]
26-08-03.17:23:56.094 [main            ] INFO  [/]                    - Initializing Spring embedded WebApplicationContext
26-08-03.17:23:56.094 [main            ] INFO  ServletWebServerApplicationContext - Root WebApplicationContext: initialization completed in 1843 ms
26-08-03.17:23:57.209 [main            ] INFO  Version                - Redisson 3.26.0
26-08-03.17:23:57.745 [redisson-netty-1-5] INFO  ConnectionsHolder      - 1 connections initialized for localhost/127.0.0.1:6379
26-08-03.17:23:57.832 [redisson-netty-1-20] INFO  ConnectionsHolder      - 24 connections initialized for localhost/127.0.0.1:6379
26-08-03.17:23:58.132 [main            ] INFO  EndpointLinksResolver  - Exposing 1 endpoint(s) beneath base path '/actuator'
26-08-03.17:23:58.152 [main            ] INFO  Http11NioProtocol      - Starting ProtocolHandler ["http-nio-8080"]
26-08-03.17:23:58.162 [main            ] INFO  TomcatWebServer        - Tomcat started on port(s): 8080 (http) with context path ''
26-08-03.17:23:58.175 [main            ] INFO  Application            - Started Application in 4.452 seconds (JVM running for 4.919)
26-08-03.17:24:00.023 [scheduling-1    ] INFO  HikariDataSource       - HikariPool-1 - Starting...
26-08-03.17:24:00.187 [scheduling-1    ] INFO  HikariDataSource       - HikariPool-1 - Start completed.
26-08-03.17:24:00.212 [scheduling-1    ] INFO  ProductionOrderJob     - 开始执行生产需求单任务
26-08-03.17:24:01.824 [http-nio-8080-exec-2] INFO  [/]                    - Initializing Spring DispatcherServlet 'dispatcherServlet'
26-08-03.17:24:01.824 [http-nio-8080-exec-2] INFO  DispatcherServlet      - Initializing Servlet 'dispatcherServlet'
26-08-03.17:24:01.825 [http-nio-8080-exec-2] INFO  DispatcherServlet      - Completed initialization in 1 ms
26-08-03.17:24:01.946 [http-nio-8080-exec-2] INFO  MaterialStockController - 查询原料库存详情开始 id:10086
26-08-03.17:24:19.868 [http-nio-8080-exec-3] INFO  MaterialController     - 查询原料详情开始 id:10086
26-08-03.17:24:26.668 [SpringApplicationShutdownHook] INFO  HikariDataSource       - HikariPool-1 - Shutdown initiated...
26-08-03.17:24:26.680 [SpringApplicationShutdownHook] INFO  HikariDataSource       - HikariPool-1 - Shutdown completed.
26-08-03.20:08:53.501 [background-preinit] INFO  Version                - HV000001: Hibernate Validator 6.2.5.Final
26-08-03.20:08:53.506 [main            ] INFO  Application            - Starting Application using Java 11.0.31 on ASUS with PID 21872 (D:\code\s-pay-mall-ddd-cc\s-pay-mall-ddd-app\target\classes started by 13267 in D:\code\s-pay-mall-ddd-cc)
26-08-03.20:08:53.508 [main            ] INFO  Application            - The following 1 profile is active: "dev"
26-08-03.20:08:54.624 [main            ] INFO  RepositoryConfigurationDelegate - Multiple Spring Data modules found, entering strict repository configuration mode
26-08-03.20:08:54.627 [main            ] INFO  RepositoryConfigurationDelegate - Bootstrapping Spring Data Redis repositories in DEFAULT mode.
26-08-03.20:08:54.696 [main            ] INFO  RepositoryConfigurationDelegate - Finished Spring Data repository scanning in 48 ms. Found 0 Redis repository interfaces.
26-08-03.20:08:55.601 [main            ] INFO  TomcatWebServer        - Tomcat initialized with port(s): 8080 (http)
26-08-03.20:08:55.608 [main            ] INFO  Http11NioProtocol      - Initializing ProtocolHandler ["http-nio-8080"]
26-08-03.20:08:55.610 [main            ] INFO  StandardService        - Starting service [Tomcat]
26-08-03.20:08:55.610 [main            ] INFO  StandardEngine         - Starting Servlet engine: [Apache Tomcat/9.0.75]
26-08-03.20:08:55.743 [main            ] INFO  [/]                    - Initializing Spring embedded WebApplicationContext
26-08-03.20:08:55.743 [main            ] INFO  ServletWebServerApplicationContext - Root WebApplicationContext: initialization completed in 2181 ms
26-08-03.20:08:56.883 [main            ] INFO  Version                - Redisson 3.26.0
26-08-03.20:08:57.479 [redisson-netty-1-5] INFO  ConnectionsHolder      - 1 connections initialized for localhost/127.0.0.1:6379
26-08-03.20:08:57.548 [redisson-netty-1-20] INFO  ConnectionsHolder      - 24 connections initialized for localhost/127.0.0.1:6379
26-08-03.20:08:57.869 [main            ] INFO  EndpointLinksResolver  - Exposing 1 endpoint(s) beneath base path '/actuator'
26-08-03.20:08:57.886 [main            ] INFO  Http11NioProtocol      - Starting ProtocolHandler ["http-nio-8080"]
26-08-03.20:08:57.896 [main            ] INFO  TomcatWebServer        - Tomcat started on port(s): 8080 (http) with context path ''
26-08-03.20:08:57.909 [main            ] INFO  Application            - Started Application in 4.962 seconds (JVM running for 5.433)
26-08-03.20:09:00.024 [scheduling-1    ] INFO  HikariDataSource       - HikariPool-1 - Starting...
26-08-03.20:09:00.369 [scheduling-1    ] INFO  HikariDataSource       - HikariPool-1 - Start completed.
26-08-03.20:09:00.416 [scheduling-1    ] INFO  ProductionOrderJob     - 开始执行生产需求单任务
26-08-03.20:09:01.246 [http-nio-8080-exec-2] INFO  [/]                    - Initializing Spring DispatcherServlet 'dispatcherServlet'
26-08-03.20:09:01.246 [http-nio-8080-exec-2] INFO  DispatcherServlet      - Initializing Servlet 'dispatcherServlet'
26-08-03.20:09:01.247 [http-nio-8080-exec-2] INFO  DispatcherServlet      - Completed initialization in 1 ms
26-08-03.20:09:01.370 [http-nio-8080-exec-2] INFO  ProductionOrderController - 分页查询生产需求单列表开始 request:ProductionOrderListRequest(status=null, productId=null, warehouseId=null)
26-08-03.20:09:01.416 [http-nio-8080-exec-2] INFO  ProductionOrderController - 分页查询生产需求单列表完成 count:10 total:11
26-08-03.20:10:00.011 [scheduling-1    ] INFO  TimeoutCloseOrderJob   - 定时任务，超时30分钟订单关闭，暂无超时未支付订单 orderIds is null
26-08-03.20:10:00.013 [scheduling-1    ] INFO  ProductionOrderJob     - 开始执行生产需求单任务
26-08-03.20:11:00.008 [scheduling-1    ] INFO  ProductionOrderJob     - 开始执行生产需求单任务
26-08-03.20:12:00.003 [scheduling-1    ] INFO  ProductionOrderJob     - 开始执行生产需求单任务
26-08-03.20:13:00.004 [scheduling-1    ] INFO  ProductionOrderJob     - 开始执行生产需求单任务
26-08-03.20:14:00.010 [scheduling-1    ] INFO  ProductionOrderJob     - 开始执行生产需求单任务
26-08-03.20:15:00.017 [scheduling-1    ] INFO  ProductionOrderJob     - 开始执行生产需求单任务
26-08-03.20:16:00.003 [scheduling-1    ] INFO  ProductionOrderJob     - 开始执行生产需求单任务
26-08-03.20:17:00.007 [scheduling-1    ] INFO  ProductionOrderJob     - 开始执行生产需求单任务
26-08-03.20:18:00.006 [scheduling-1    ] INFO  ProductionOrderJob     - 开始执行生产需求单任务
26-08-03.20:19:00.013 [scheduling-1    ] INFO  ProductionOrderJob     - 开始执行生产需求单任务
26-08-03.20:19:55.682 [http-nio-8080-exec-5] INFO  ProductionOrderController - 分页查询生产需求单列表开始 request:ProductionOrderListRequest(status=null, productId=null, warehouseId=null)
26-08-03.20:19:55.708 [http-nio-8080-exec-5] INFO  ProductionOrderController - 分页查询生产需求单列表完成 count:10 total:11
26-08-03.20:20:00.002 [scheduling-1    ] INFO  TimeoutCloseOrderJob   - 定时任务，超时30分钟订单关闭，暂无超时未支付订单 orderIds is null
26-08-03.20:20:00.002 [scheduling-1    ] INFO  ProductionOrderJob     - 开始执行生产需求单任务
26-08-03.20:20:01.267 [http-nio-8080-exec-8] INFO  ProductionOrderController - 分页查询生产需求单列表开始 request:ProductionOrderListRequest(status=null, productId=null, warehouseId=null)
26-08-03.20:20:01.292 [http-nio-8080-exec-8] INFO  ProductionOrderController - 分页查询生产需求单列表完成 count:10 total:11
26-08-03.20:20:05.248 [http-nio-8080-exec-9] INFO  ProductionOrderController - 分页查询生产需求单列表开始 request:ProductionOrderListRequest(status=null, productId=null, warehouseId=null)
26-08-03.20:20:05.262 [http-nio-8080-exec-9] INFO  ProductionOrderController - 分页查询生产需求单列表完成 count:10 total:11
26-08-03.20:20:29.021 [http-nio-8080-exec-6] INFO  ProductionOrderController - 分页查询生产需求单列表开始 request:ProductionOrderListRequest(status=null, productId=null, warehouseId=null)
26-08-03.20:20:29.025 [http-nio-8080-exec-6] INFO  ProductionOrderController - 分页查询生产需求单列表完成 count:1 total:11
26-08-03.20:21:00.008 [scheduling-1    ] INFO  ProductionOrderJob     - 开始执行生产需求单任务
26-08-03.20:22:00.015 [scheduling-1    ] INFO  ProductionOrderJob     - 开始执行生产需求单任务
26-08-03.20:23:00.001 [scheduling-1    ] INFO  ProductionOrderJob     - 开始执行生产需求单任务
26-08-03.20:24:00.013 [scheduling-1    ] INFO  ProductionOrderJob     - 开始执行生产需求单任务
26-08-03.20:25:00.009 [scheduling-1    ] INFO  ProductionOrderJob     - 开始执行生产需求单任务
26-08-03.20:26:00.007 [scheduling-1    ] INFO  ProductionOrderJob     - 开始执行生产需求单任务
26-08-03.20:27:00.007 [scheduling-1    ] INFO  ProductionOrderJob     - 开始执行生产需求单任务
26-08-03.20:28:00.004 [scheduling-1    ] INFO  ProductionOrderJob     - 开始执行生产需求单任务
26-08-03.20:29:00.005 [scheduling-1    ] INFO  ProductionOrderJob     - 开始执行生产需求单任务
26-08-03.20:30:00.003 [scheduling-1    ] INFO  ProductionOrderJob     - 开始执行生产需求单任务
26-08-03.20:30:00.005 [scheduling-1    ] INFO  TimeoutCloseOrderJob   - 定时任务，超时30分钟订单关闭，暂无超时未支付订单 orderIds is null
26-08-03.20:31:00.001 [scheduling-1    ] INFO  ProductionOrderJob     - 开始执行生产需求单任务
26-08-03.20:32:00.012 [scheduling-1    ] INFO  ProductionOrderJob     - 开始执行生产需求单任务
26-08-03.20:33:00.012 [scheduling-1    ] INFO  ProductionOrderJob     - 开始执行生产需求单任务
26-08-03.20:34:00.009 [scheduling-1    ] INFO  ProductionOrderJob     - 开始执行生产需求单任务
26-08-03.20:35:00.015 [scheduling-1    ] INFO  ProductionOrderJob     - 开始执行生产需求单任务
26-08-03.20:36:00.011 [scheduling-1    ] INFO  ProductionOrderJob     - 开始执行生产需求单任务
26-08-03.20:37:00.009 [scheduling-1    ] INFO  ProductionOrderJob     - 开始执行生产需求单任务
26-08-03.20:38:00.016 [scheduling-1    ] INFO  ProductionOrderJob     - 开始执行生产需求单任务
26-08-03.20:39:00.004 [scheduling-1    ] INFO  ProductionOrderJob     - 开始执行生产需求单任务
26-08-03.20:40:00.013 [scheduling-1    ] INFO  ProductionOrderJob     - 开始执行生产需求单任务
26-08-03.20:40:00.014 [scheduling-1    ] INFO  TimeoutCloseOrderJob   - 定时任务，超时30分钟订单关闭，暂无超时未支付订单 orderIds is null
26-08-03.20:41:00.003 [scheduling-1    ] INFO  ProductionOrderJob     - 开始执行生产需求单任务
26-08-03.20:42:00.003 [scheduling-1    ] INFO  ProductionOrderJob     - 开始执行生产需求单任务
26-08-03.20:42:51.855 [SpringApplicationShutdownHook] INFO  HikariDataSource       - HikariPool-1 - Shutdown initiated...
26-08-03.20:42:51.862 [SpringApplicationShutdownHook] INFO  HikariDataSource       - HikariPool-1 - Shutdown completed.
26-08-03.20:42:56.781 [background-preinit] INFO  Version                - HV000001: Hibernate Validator 6.2.5.Final
26-08-03.20:42:56.780 [main            ] INFO  Application            - Starting Application using Java 11.0.31 on ASUS with PID 2628 (D:\code\s-pay-mall-ddd-cc\s-pay-mall-ddd-app\target\classes started by 13267 in D:\code\s-pay-mall-ddd-cc)
26-08-03.20:42:56.783 [main            ] INFO  Application            - The following 1 profile is active: "dev"
26-08-03.20:42:57.742 [main            ] INFO  RepositoryConfigurationDelegate - Multiple Spring Data modules found, entering strict repository configuration mode
26-08-03.20:42:57.744 [main            ] INFO  RepositoryConfigurationDelegate - Bootstrapping Spring Data Redis repositories in DEFAULT mode.
26-08-03.20:42:57.791 [main            ] INFO  RepositoryConfigurationDelegate - Finished Spring Data repository scanning in 37 ms. Found 0 Redis repository interfaces.
26-08-03.20:42:58.630 [main            ] INFO  TomcatWebServer        - Tomcat initialized with port(s): 8080 (http)
26-08-03.20:42:58.638 [main            ] INFO  Http11NioProtocol      - Initializing ProtocolHandler ["http-nio-8080"]
26-08-03.20:42:58.638 [main            ] INFO  StandardService        - Starting service [Tomcat]
26-08-03.20:42:58.638 [main            ] INFO  StandardEngine         - Starting Servlet engine: [Apache Tomcat/9.0.75]
26-08-03.20:42:58.766 [main            ] INFO  [/]                    - Initializing Spring embedded WebApplicationContext
26-08-03.20:42:58.766 [main            ] INFO  ServletWebServerApplicationContext - Root WebApplicationContext: initialization completed in 1941 ms
26-08-03.20:42:59.892 [main            ] INFO  Version                - Redisson 3.26.0
26-08-03.20:43:00.456 [redisson-netty-1-5] INFO  ConnectionsHolder      - 1 connections initialized for localhost/127.0.0.1:6379
26-08-03.20:43:00.531 [redisson-netty-1-20] INFO  ConnectionsHolder      - 24 connections initialized for localhost/127.0.0.1:6379
26-08-03.20:43:00.804 [main            ] INFO  EndpointLinksResolver  - Exposing 1 endpoint(s) beneath base path '/actuator'
26-08-03.20:43:00.820 [main            ] INFO  Http11NioProtocol      - Starting ProtocolHandler ["http-nio-8080"]
26-08-03.20:43:00.828 [main            ] INFO  TomcatWebServer        - Tomcat started on port(s): 8080 (http) with context path ''
26-08-03.20:43:00.842 [main            ] INFO  Application            - Started Application in 4.533 seconds (JVM running for 4.908)
26-08-03.20:43:03.021 [scheduling-1    ] INFO  HikariDataSource       - HikariPool-1 - Starting...
26-08-03.20:43:03.247 [scheduling-1    ] INFO  HikariDataSource       - HikariPool-1 - Start completed.
26-08-03.20:43:53.859 [http-nio-8080-exec-2] INFO  [/]                    - Initializing Spring DispatcherServlet 'dispatcherServlet'
26-08-03.20:43:53.859 [http-nio-8080-exec-2] INFO  DispatcherServlet      - Initializing Servlet 'dispatcherServlet'
26-08-03.20:43:53.860 [http-nio-8080-exec-2] INFO  DispatcherServlet      - Completed initialization in 1 ms
26-08-03.20:43:53.958 [http-nio-8080-exec-2] INFO  ProductionOrderController - 手动执行生产需求单开始 id:1
26-08-03.20:43:57.629 [http-nio-8080-exec-3] INFO  ProductionOrderController - 手动执行生产需求单开始 id:2
26-08-03.20:44:00.010 [scheduling-1    ] INFO  ProductionOrderJob     - 开始执行生产需求单任务
26-08-03.20:45:00.004 [scheduling-1    ] INFO  ProductionOrderJob     - 开始执行生产需求单任务
26-08-03.20:46:00.003 [scheduling-1    ] INFO  ProductionOrderJob     - 开始执行生产需求单任务
26-08-03.20:47:00.008 [scheduling-1    ] INFO  ProductionOrderJob     - 开始执行生产需求单任务
26-08-03.20:48:00.004 [scheduling-1    ] INFO  ProductionOrderJob     - 开始执行生产需求单任务
26-08-03.20:49:00.008 [scheduling-1    ] INFO  ProductionOrderJob     - 开始执行生产需求单任务
26-08-03.20:50:00.004 [scheduling-1    ] INFO  ProductionOrderJob     - 开始执行生产需求单任务
26-08-03.20:50:00.007 [scheduling-1    ] INFO  TimeoutCloseOrderJob   - 定时任务，超时30分钟订单关闭，暂无超时未支付订单 orderIds is null
26-08-03.20:51:00.012 [scheduling-1    ] INFO  ProductionOrderJob     - 开始执行生产需求单任务
26-08-03.20:52:00.004 [scheduling-1    ] INFO  ProductionOrderJob     - 开始执行生产需求单任务
26-08-03.20:53:00.009 [scheduling-1    ] INFO  ProductionOrderJob     - 开始执行生产需求单任务
26-08-03.20:54:00.010 [scheduling-1    ] INFO  ProductionOrderJob     - 开始执行生产需求单任务
26-08-03.20:55:00.008 [scheduling-1    ] INFO  ProductionOrderJob     - 开始执行生产需求单任务
26-08-03.20:56:00.008 [scheduling-1    ] INFO  ProductionOrderJob     - 开始执行生产需求单任务
26-08-03.20:57:00.008 [scheduling-1    ] INFO  ProductionOrderJob     - 开始执行生产需求单任务
26-08-03.20:58:00.015 [scheduling-1    ] INFO  ProductionOrderJob     - 开始执行生产需求单任务
26-08-03.20:59:00.010 [scheduling-1    ] INFO  ProductionOrderJob     - 开始执行生产需求单任务
26-08-03.21:00:00.008 [scheduling-1    ] INFO  TimeoutCloseOrderJob   - 定时任务，超时30分钟订单关闭，暂无超时未支付订单 orderIds is null
26-08-03.21:00:00.008 [scheduling-1    ] INFO  ProductionOrderJob     - 开始执行生产需求单任务
26-08-03.21:01:00.009 [scheduling-1    ] INFO  ProductionOrderJob     - 开始执行生产需求单任务
26-08-03.21:02:00.000 [scheduling-1    ] INFO  ProductionOrderJob     - 开始执行生产需求单任务
26-08-03.21:03:00.010 [scheduling-1    ] INFO  ProductionOrderJob     - 开始执行生产需求单任务
26-08-03.21:04:00.001 [scheduling-1    ] INFO  ProductionOrderJob     - 开始执行生产需求单任务
26-08-03.21:05:00.014 [scheduling-1    ] INFO  ProductionOrderJob     - 开始执行生产需求单任务
26-08-03.21:05:07.281 [SpringApplicationShutdownHook] INFO  HikariDataSource       - HikariPool-1 - Shutdown initiated...
26-08-03.21:05:07.292 [SpringApplicationShutdownHook] INFO  HikariDataSource       - HikariPool-1 - Shutdown completed.
26-08-03.21:05:18.020 [main            ] INFO  Application            - Starting Application using Java 11.0.31 on ASUS with PID 35572 (D:\code\s-pay-mall-ddd-cc\s-pay-mall-ddd-app\target\classes started by 13267 in D:\code\s-pay-mall-ddd-cc)
26-08-03.21:05:18.020 [background-preinit] INFO  Version                - HV000001: Hibernate Validator 6.2.5.Final
26-08-03.21:05:18.022 [main            ] INFO  Application            - The following 1 profile is active: "dev"
26-08-03.21:05:18.897 [main            ] INFO  RepositoryConfigurationDelegate - Multiple Spring Data modules found, entering strict repository configuration mode
26-08-03.21:05:18.898 [main            ] INFO  RepositoryConfigurationDelegate - Bootstrapping Spring Data Redis repositories in DEFAULT mode.
26-08-03.21:05:18.948 [main            ] INFO  RepositoryConfigurationDelegate - Finished Spring Data repository scanning in 38 ms. Found 0 Redis repository interfaces.
26-08-03.21:05:19.828 [main            ] INFO  TomcatWebServer        - Tomcat initialized with port(s): 8080 (http)
26-08-03.21:05:19.835 [main            ] INFO  Http11NioProtocol      - Initializing ProtocolHandler ["http-nio-8080"]
26-08-03.21:05:19.837 [main            ] INFO  StandardService        - Starting service [Tomcat]
26-08-03.21:05:19.837 [main            ] INFO  StandardEngine         - Starting Servlet engine: [Apache Tomcat/9.0.75]
26-08-03.21:05:19.954 [main            ] INFO  [/]                    - Initializing Spring embedded WebApplicationContext
26-08-03.21:05:19.954 [main            ] INFO  ServletWebServerApplicationContext - Root WebApplicationContext: initialization completed in 1898 ms
26-08-03.21:05:20.988 [main            ] INFO  Version                - Redisson 3.26.0
26-08-03.21:05:21.678 [redisson-netty-1-5] INFO  ConnectionsHolder      - 1 connections initialized for localhost/127.0.0.1:6379
26-08-03.21:05:21.762 [redisson-netty-1-20] INFO  ConnectionsHolder      - 24 connections initialized for localhost/127.0.0.1:6379
26-08-03.21:05:22.093 [main            ] INFO  EndpointLinksResolver  - Exposing 1 endpoint(s) beneath base path '/actuator'
26-08-03.21:05:22.113 [main            ] INFO  Http11NioProtocol      - Starting ProtocolHandler ["http-nio-8080"]
26-08-03.21:05:22.123 [main            ] INFO  TomcatWebServer        - Tomcat started on port(s): 8080 (http) with context path ''
26-08-03.21:05:22.137 [main            ] INFO  Application            - Started Application in 4.528 seconds (JVM running for 4.888)
26-08-03.21:05:24.018 [scheduling-1    ] INFO  HikariDataSource       - HikariPool-1 - Starting...
26-08-03.21:05:24.175 [scheduling-1    ] INFO  HikariDataSource       - HikariPool-1 - Start completed.
26-08-03.21:05:29.746 [http-nio-8080-exec-3] INFO  [/]                    - Initializing Spring DispatcherServlet 'dispatcherServlet'
26-08-03.21:05:29.746 [http-nio-8080-exec-3] INFO  DispatcherServlet      - Initializing Servlet 'dispatcherServlet'
26-08-03.21:05:29.748 [http-nio-8080-exec-3] INFO  DispatcherServlet      - Completed initialization in 2 ms
26-08-03.21:05:29.832 [http-nio-8080-exec-3] INFO  ProductionOrderController - 取消生产需求单开始 id:2
26-08-03.21:06:00.007 [scheduling-1    ] INFO  ProductionOrderJob     - 开始执行生产需求单任务
26-08-03.21:07:00.015 [scheduling-1    ] INFO  ProductionOrderJob     - 开始执行生产需求单任务
26-08-03.21:08:00.006 [scheduling-1    ] INFO  ProductionOrderJob     - 开始执行生产需求单任务
26-08-03.21:09:00.013 [scheduling-1    ] INFO  ProductionOrderJob     - 开始执行生产需求单任务
26-08-03.21:10:00.002 [scheduling-1    ] INFO  TimeoutCloseOrderJob   - 定时任务，超时30分钟订单关闭，暂无超时未支付订单 orderIds is null
26-08-03.21:10:00.003 [scheduling-1    ] INFO  ProductionOrderJob     - 开始执行生产需求单任务
26-08-03.21:11:00.007 [scheduling-1    ] INFO  ProductionOrderJob     - 开始执行生产需求单任务
26-08-03.21:12:00.016 [scheduling-1    ] INFO  ProductionOrderJob     - 开始执行生产需求单任务
26-08-03.21:13:00.007 [scheduling-1    ] INFO  ProductionOrderJob     - 开始执行生产需求单任务
26-08-03.21:14:00.015 [scheduling-1    ] INFO  ProductionOrderJob     - 开始执行生产需求单任务
26-08-03.21:14:43.202 [SpringApplicationShutdownHook] INFO  HikariDataSource       - HikariPool-1 - Shutdown initiated...
26-08-03.21:14:43.214 [SpringApplicationShutdownHook] INFO  HikariDataSource       - HikariPool-1 - Shutdown completed.
26-08-03.21:14:47.418 [background-preinit] INFO  Version                - HV000001: Hibernate Validator 6.2.5.Final
26-08-03.21:14:47.418 [main            ] INFO  Application            - Starting Application using Java 11.0.31 on ASUS with PID 32104 (D:\code\s-pay-mall-ddd-cc\s-pay-mall-ddd-app\target\classes started by 13267 in D:\code\s-pay-mall-ddd-cc)
26-08-03.21:14:47.420 [main            ] INFO  Application            - The following 1 profile is active: "dev"
26-08-03.21:14:48.232 [main            ] INFO  RepositoryConfigurationDelegate - Multiple Spring Data modules found, entering strict repository configuration mode
26-08-03.21:14:48.234 [main            ] INFO  RepositoryConfigurationDelegate - Bootstrapping Spring Data Redis repositories in DEFAULT mode.
26-08-03.21:14:48.281 [main            ] INFO  RepositoryConfigurationDelegate - Finished Spring Data repository scanning in 36 ms. Found 0 Redis repository interfaces.
26-08-03.21:14:49.107 [main            ] INFO  TomcatWebServer        - Tomcat initialized with port(s): 8080 (http)
26-08-03.21:14:49.113 [main            ] INFO  Http11NioProtocol      - Initializing ProtocolHandler ["http-nio-8080"]
26-08-03.21:14:49.114 [main            ] INFO  StandardService        - Starting service [Tomcat]
26-08-03.21:14:49.114 [main            ] INFO  StandardEngine         - Starting Servlet engine: [Apache Tomcat/9.0.75]
26-08-03.21:14:49.239 [main            ] INFO  [/]                    - Initializing Spring embedded WebApplicationContext
26-08-03.21:14:49.239 [main            ] INFO  ServletWebServerApplicationContext - Root WebApplicationContext: initialization completed in 1787 ms
26-08-03.21:14:50.296 [main            ] INFO  Version                - Redisson 3.26.0
26-08-03.21:14:50.837 [redisson-netty-1-5] INFO  ConnectionsHolder      - 1 connections initialized for localhost/127.0.0.1:6379
26-08-03.21:14:50.906 [redisson-netty-1-20] INFO  ConnectionsHolder      - 24 connections initialized for localhost/127.0.0.1:6379
26-08-03.21:14:51.203 [main            ] INFO  EndpointLinksResolver  - Exposing 1 endpoint(s) beneath base path '/actuator'
26-08-03.21:14:51.223 [main            ] INFO  Http11NioProtocol      - Starting ProtocolHandler ["http-nio-8080"]
26-08-03.21:14:51.232 [main            ] INFO  TomcatWebServer        - Tomcat started on port(s): 8080 (http) with context path ''
26-08-03.21:14:51.245 [main            ] INFO  Application            - Started Application in 4.223 seconds (JVM running for 4.585)
26-08-03.21:14:54.020 [scheduling-1    ] INFO  HikariDataSource       - HikariPool-1 - Starting...
26-08-03.21:14:54.182 [scheduling-1    ] INFO  HikariDataSource       - HikariPool-1 - Start completed.
26-08-03.21:15:00.007 [scheduling-1    ] INFO  ProductionOrderJob     - 开始执行生产需求单任务
26-08-03.21:15:14.726 [http-nio-8080-exec-2] INFO  [/]                    - Initializing Spring DispatcherServlet 'dispatcherServlet'
26-08-03.21:15:14.726 [http-nio-8080-exec-2] INFO  DispatcherServlet      - Initializing Servlet 'dispatcherServlet'
26-08-03.21:15:14.727 [http-nio-8080-exec-2] INFO  DispatcherServlet      - Completed initialization in 1 ms
26-08-03.21:15:14.808 [http-nio-8080-exec-2] INFO  ProductionOrderController - 手动重试生产需求单开始 id:2
26-08-03.21:16:00.003 [scheduling-1    ] INFO  ProductionOrderJob     - 开始执行生产需求单任务
26-08-03.21:17:00.009 [scheduling-1    ] INFO  ProductionOrderJob     - 开始执行生产需求单任务
26-08-03.21:18:00.002 [scheduling-1    ] INFO  ProductionOrderJob     - 开始执行生产需求单任务
26-08-03.21:19:00.015 [scheduling-1    ] INFO  ProductionOrderJob     - 开始执行生产需求单任务
26-08-03.21:20:00.003 [scheduling-1    ] INFO  ProductionOrderJob     - 开始执行生产需求单任务
26-08-03.21:20:00.007 [scheduling-1    ] INFO  TimeoutCloseOrderJob   - 定时任务，超时30分钟订单关闭，暂无超时未支付订单 orderIds is null
26-08-03.21:21:00.015 [scheduling-1    ] INFO  ProductionOrderJob     - 开始执行生产需求单任务
26-08-03.21:22:00.005 [scheduling-1    ] INFO  ProductionOrderJob     - 开始执行生产需求单任务
26-08-03.21:23:00.009 [scheduling-1    ] INFO  ProductionOrderJob     - 开始执行生产需求单任务
26-08-03.21:24:00.012 [scheduling-1    ] INFO  ProductionOrderJob     - 开始执行生产需求单任务
26-08-03.21:25:00.000 [scheduling-1    ] INFO  ProductionOrderJob     - 开始执行生产需求单任务
26-08-03.21:26:00.008 [scheduling-1    ] INFO  ProductionOrderJob     - 开始执行生产需求单任务
26-08-03.21:27:00.015 [scheduling-1    ] INFO  ProductionOrderJob     - 开始执行生产需求单任务
26-08-03.21:27:30.243 [SpringApplicationShutdownHook] INFO  HikariDataSource       - HikariPool-1 - Shutdown initiated...
26-08-03.21:27:30.254 [SpringApplicationShutdownHook] INFO  HikariDataSource       - HikariPool-1 - Shutdown completed.
