26-08-03.16:53:38.759 [main            ] INFO  ProductionFlowE2ETest  - Starting ProductionFlowE2ETest using Java 11.0.31 on ASUS with PID 19112 (started by 13267 in D:\code\s-pay-mall-ddd-cc\s-pay-mall-ddd-app)
26-08-03.16:53:38.761 [main            ] INFO  ProductionFlowE2ETest  - The following 1 profile is active: "dev"
26-08-03.16:53:38.772 [background-preinit] INFO  Version                - HV000001: Hibernate Validator 6.2.5.Final
26-08-03.16:53:39.922 [main            ] INFO  RepositoryConfigurationDelegate - Multiple Spring Data modules found, entering strict repository configuration mode
26-08-03.16:53:39.926 [main            ] INFO  RepositoryConfigurationDelegate - Bootstrapping Spring Data Redis repositories in DEFAULT mode.
26-08-03.16:53:39.991 [main            ] INFO  RepositoryConfigurationDelegate - Finished Spring Data repository scanning in 44 ms. Found 0 Redis repository interfaces.
26-08-03.16:53:43.926 [main            ] INFO  Version                - Redisson 3.26.0
26-08-03.16:53:44.657 [redisson-netty-1-5] INFO  ConnectionsHolder      - 1 connections initialized for localhost/127.0.0.1:6379
26-08-03.16:53:44.754 [redisson-netty-1-20] INFO  ConnectionsHolder      - 24 connections initialized for localhost/127.0.0.1:6379
26-08-03.16:53:45.457 [main            ] INFO  EndpointLinksResolver  - Exposing 1 endpoint(s) beneath base path '/actuator'
26-08-03.16:53:45.531 [main            ] INFO  ProductionFlowE2ETest  - Started ProductionFlowE2ETest in 7.354 seconds (JVM running for 8.265)
26-08-03.16:53:46.074 [main            ] INFO  HikariDataSource       - HikariPool-1 - Starting...
26-08-03.16:53:46.439 [main            ] INFO  HikariDataSource       - HikariPool-1 - Start completed.
26-08-03.16:53:46.862 [SpringApplicationShutdownHook] INFO  HikariDataSource       - HikariPool-1 - Shutdown initiated...
26-08-03.16:53:46.875 [SpringApplicationShutdownHook] INFO  HikariDataSource       - HikariPool-1 - Shutdown completed.
26-08-03.17:23:05.666 [main            ] INFO  ProductionFlowE2ETest  - Starting ProductionFlowE2ETest using Java 11.0.31 on ASUS with PID 35096 (started by 13267 in D:\code\s-pay-mall-ddd-cc\s-pay-mall-ddd-app)
26-08-03.17:23:05.668 [main            ] INFO  ProductionFlowE2ETest  - The following 1 profile is active: "dev"
26-08-03.17:23:05.679 [background-preinit] INFO  Version                - HV000001: Hibernate Validator 6.2.5.Final
26-08-03.17:23:06.794 [main            ] INFO  RepositoryConfigurationDelegate - Multiple Spring Data modules found, entering strict repository configuration mode
26-08-03.17:23:06.798 [main            ] INFO  RepositoryConfigurationDelegate - Bootstrapping Spring Data Redis repositories in DEFAULT mode.
26-08-03.17:23:06.860 [main            ] INFO  RepositoryConfigurationDelegate - Finished Spring Data repository scanning in 42 ms. Found 0 Redis repository interfaces.
26-08-03.17:23:10.763 [main            ] INFO  Version                - Redisson 3.26.0
26-08-03.17:23:11.475 [redisson-netty-1-6] INFO  ConnectionsHolder      - 1 connections initialized for localhost/127.0.0.1:6379
26-08-03.17:23:11.569 [redisson-netty-1-20] INFO  ConnectionsHolder      - 24 connections initialized for localhost/127.0.0.1:6379
26-08-03.17:23:12.516 [main            ] INFO  EndpointLinksResolver  - Exposing 1 endpoint(s) beneath base path '/actuator'
26-08-03.17:23:12.580 [main            ] INFO  ProductionFlowE2ETest  - Started ProductionFlowE2ETest in 7.515 seconds (JVM running for 8.437)
26-08-03.17:23:13.016 [main            ] INFO  HikariDataSource       - HikariPool-1 - Starting...
26-08-03.17:23:13.281 [main            ] INFO  HikariDataSource       - HikariPool-1 - Start completed.
26-08-03.17:23:13.653 [SpringApplicationShutdownHook] INFO  HikariDataSource       - HikariPool-1 - Shutdown initiated...
26-08-03.17:23:13.668 [SpringApplicationShutdownHook] INFO  HikariDataSource       - HikariPool-1 - Shutdown completed.
